<?xml version="1.0" encoding="ISO-8859-1" ?>
<link_info>
   <banner>TI ARM Linker PC v20.2.6.LTS</banner>
   <copyright>Copyright (c) 1996-2018 Texas Instruments Incorporated</copyright>
   <link_time>0x62294096</link_time>
   <link_errors>0x0</link_errors>
   <output_file>Week3Lab.out</output_file>
   <entry_point>
      <name>_c_int00_noargs</name>
      <address>0x2c0d</address>
   </entry_point>
   <input_file_list>
      <input_file id="fl-2">
         <path>.\</path>
         <kind>object</kind>
         <file>buttons4.obj</file>
         <name>buttons4.obj</name>
      </input_file>
      <input_file id="fl-3">
         <path>.\</path>
         <kind>object</kind>
         <file>i2c_driver.obj</file>
         <name>i2c_driver.obj</name>
      </input_file>
      <input_file id="fl-4">
         <path>.\</path>
         <kind>object</kind>
         <file>readAcc2.obj</file>
         <name>readAcc2.obj</name>
      </input_file>
      <input_file id="fl-5">
         <path>.\</path>
         <kind>object</kind>
         <file>tm4c123gh6pm_startup_ccs.obj</file>
         <name>tm4c123gh6pm_startup_ccs.obj</name>
      </input_file>
      <input_file id="fl-6">
         <path>.\</path>
         <kind>object</kind>
         <file>ustdlib.obj</file>
         <name>ustdlib.obj</name>
      </input_file>
      <input_file id="fl-7">
         <path>.\OrbitOLED\</path>
         <kind>object</kind>
         <file>OrbitOLEDInterface.obj</file>
         <name>OrbitOLEDInterface.obj</name>
      </input_file>
      <input_file id="fl-8">
         <path>.\OrbitOLED\lib_OrbitOled\</path>
         <kind>object</kind>
         <file>ChrFont0.obj</file>
         <name>ChrFont0.obj</name>
      </input_file>
      <input_file id="fl-9">
         <path>.\OrbitOLED\lib_OrbitOled\</path>
         <kind>object</kind>
         <file>FillPat.obj</file>
         <name>FillPat.obj</name>
      </input_file>
      <input_file id="fl-a">
         <path>.\OrbitOLED\lib_OrbitOled\</path>
         <kind>object</kind>
         <file>OrbitOled.obj</file>
         <name>OrbitOled.obj</name>
      </input_file>
      <input_file id="fl-b">
         <path>.\OrbitOLED\lib_OrbitOled\</path>
         <kind>object</kind>
         <file>OrbitOledChar.obj</file>
         <name>OrbitOledChar.obj</name>
      </input_file>
      <input_file id="fl-c">
         <path>.\OrbitOLED\lib_OrbitOled\</path>
         <kind>object</kind>
         <file>OrbitOledGrph.obj</file>
         <name>OrbitOledGrph.obj</name>
      </input_file>
      <input_file id="fl-d">
         <path>.\OrbitOLED\lib_OrbitOled\</path>
         <kind>object</kind>
         <file>delay.obj</file>
         <name>delay.obj</name>
      </input_file>
      <input_file id="fl-12">
         <kind>object</kind>
         <file>&lt;internal&gt;</file>
         <name>&lt;internal&gt;</name>
      </input_file>
      <input_file id="fl-c8">
         <path>C:\ti\ccs1110\ccs\tools\compiler\ti-cgt-arm_20.2.6.LTS\lib\</path>
         <kind>archive</kind>
         <file>rtsv7M4_T_le_v4SPD16_eabi.lib</file>
         <name>memset_t2.asm.obj</name>
      </input_file>
      <input_file id="fl-c9">
         <path>C:\ti\ccs1110\ccs\tools\compiler\ti-cgt-arm_20.2.6.LTS\lib\</path>
         <kind>archive</kind>
         <file>rtsv7M4_T_le_v4SPD16_eabi.lib</file>
         <name>u_divt2.asm.obj</name>
      </input_file>
      <input_file id="fl-ca">
         <path>C:\ti\ccs1110\ccs\tools\compiler\ti-cgt-arm_20.2.6.LTS\lib\</path>
         <kind>archive</kind>
         <file>rtsv7M4_T_le_v4SPD16_eabi.lib</file>
         <name>copy_zero_init.c.obj</name>
      </input_file>
      <input_file id="fl-cb">
         <path>C:\ti\ccs1110\ccs\tools\compiler\ti-cgt-arm_20.2.6.LTS\lib\</path>
         <kind>archive</kind>
         <file>rtsv7M4_T_le_v4SPD16_eabi.lib</file>
         <name>copy_decompress_none.c.obj</name>
      </input_file>
      <input_file id="fl-cc">
         <path>C:\ti\ccs1110\ccs\tools\compiler\ti-cgt-arm_20.2.6.LTS\lib\</path>
         <kind>archive</kind>
         <file>rtsv7M4_T_le_v4SPD16_eabi.lib</file>
         <name>copy_decompress_lzss.c.obj</name>
      </input_file>
      <input_file id="fl-cd">
         <path>C:\ti\ccs1110\ccs\tools\compiler\ti-cgt-arm_20.2.6.LTS\lib\</path>
         <kind>archive</kind>
         <file>rtsv7M4_T_le_v4SPD16_eabi.lib</file>
         <name>boot_cortex_m.c.obj</name>
      </input_file>
      <input_file id="fl-ce">
         <path>C:\ti\ccs1110\ccs\tools\compiler\ti-cgt-arm_20.2.6.LTS\lib\</path>
         <kind>archive</kind>
         <file>rtsv7M4_T_le_v4SPD16_eabi.lib</file>
         <name>div0.asm.obj</name>
      </input_file>
      <input_file id="fl-cf">
         <path>C:\ti\ccs1110\ccs\tools\compiler\ti-cgt-arm_20.2.6.LTS\lib\</path>
         <kind>archive</kind>
         <file>rtsv7M4_T_le_v4SPD16_eabi.lib</file>
         <name>memcpy_t2.asm.obj</name>
      </input_file>
      <input_file id="fl-d0">
         <path>C:\ti\ccs1110\ccs\tools\compiler\ti-cgt-arm_20.2.6.LTS\lib\</path>
         <kind>archive</kind>
         <file>rtsv7M4_T_le_v4SPD16_eabi.lib</file>
         <name>autoinit.c.obj</name>
      </input_file>
      <input_file id="fl-d1">
         <path>C:\ti\ccs1110\ccs\tools\compiler\ti-cgt-arm_20.2.6.LTS\lib\</path>
         <kind>archive</kind>
         <file>rtsv7M4_T_le_v4SPD16_eabi.lib</file>
         <name>pre_init.c.obj</name>
      </input_file>
      <input_file id="fl-d2">
         <path>C:\ti\ccs1110\ccs\tools\compiler\ti-cgt-arm_20.2.6.LTS\lib\</path>
         <kind>archive</kind>
         <file>rtsv7M4_T_le_v4SPD16_eabi.lib</file>
         <name>cpy_tbl.c.obj</name>
      </input_file>
      <input_file id="fl-d3">
         <path>C:\ti\ccs1110\ccs\tools\compiler\ti-cgt-arm_20.2.6.LTS\lib\</path>
         <kind>archive</kind>
         <file>rtsv7M4_T_le_v4SPD16_eabi.lib</file>
         <name>exit.c.obj</name>
      </input_file>
      <input_file id="fl-d4">
         <path>C:\ti\ccs1110\ccs\tools\compiler\ti-cgt-arm_20.2.6.LTS\lib\</path>
         <kind>archive</kind>
         <file>rtsv7M4_T_le_v4SPD16_eabi.lib</file>
         <name>_lock.c.obj</name>
      </input_file>
      <input_file id="fl-d5">
         <path>C:\ti\ccs1110\ccs\tools\compiler\ti-cgt-arm_20.2.6.LTS\lib\</path>
         <kind>archive</kind>
         <file>rtsv7M4_T_le_v4SPD16_eabi.lib</file>
         <name>args_main.c.obj</name>
      </input_file>
      <input_file id="fl-d6">
         <path>C:\ti\TivaWare_C_Series-2.2.0.295\driverlib\ccs\Debug\</path>
         <kind>archive</kind>
         <file>driverlib.lib</file>
         <name>gpio.obj</name>
      </input_file>
      <input_file id="fl-d7">
         <path>C:\ti\TivaWare_C_Series-2.2.0.295\driverlib\ccs\Debug\</path>
         <kind>archive</kind>
         <file>driverlib.lib</file>
         <name>i2c.obj</name>
      </input_file>
      <input_file id="fl-d8">
         <path>C:\ti\TivaWare_C_Series-2.2.0.295\driverlib\ccs\Debug\</path>
         <kind>archive</kind>
         <file>driverlib.lib</file>
         <name>interrupt.obj</name>
      </input_file>
      <input_file id="fl-d9">
         <path>C:\ti\TivaWare_C_Series-2.2.0.295\driverlib\ccs\Debug\</path>
         <kind>archive</kind>
         <file>driverlib.lib</file>
         <name>ssi.obj</name>
      </input_file>
      <input_file id="fl-da">
         <path>C:\ti\TivaWare_C_Series-2.2.0.295\driverlib\ccs\Debug\</path>
         <kind>archive</kind>
         <file>driverlib.lib</file>
         <name>sysctl.obj</name>
      </input_file>
      <input_file id="fl-db">
         <path>C:\ti\TivaWare_C_Series-2.2.0.295\driverlib\ccs\Debug\</path>
         <kind>archive</kind>
         <file>driverlib.lib</file>
         <name>timer.obj</name>
      </input_file>
      <input_file id="fl-dc">
         <path>C:\ti\TivaWare_C_Series-2.2.0.295\driverlib\ccs\Debug\</path>
         <kind>archive</kind>
         <file>driverlib.lib</file>
         <name>cpu.obj</name>
      </input_file>
   </input_file_list>
   <object_component_list>
      <object_component id="oc-12">
         <name>.intvecs</name>
         <load_address>0x0</load_address>
         <run_address>0x0</run_address>
         <size>0x26c</size>
         <input_file_ref idref="fl-5"/>
      </object_component>
      <object_component id="oc-d4">
         <name>.text</name>
         <load_address>0x26c</load_address>
         <run_address>0x26c</run_address>
         <size>0xc84</size>
         <input_file_ref idref="fl-6"/>
      </object_component>
      <object_component id="oc-223">
         <name>.text</name>
         <load_address>0xef0</load_address>
         <run_address>0xef0</run_address>
         <size>0x950</size>
         <input_file_ref idref="fl-c"/>
      </object_component>
      <object_component id="oc-9b">
         <name>.text</name>
         <load_address>0x1840</load_address>
         <run_address>0x1840</run_address>
         <size>0x474</size>
         <input_file_ref idref="fl-4"/>
      </object_component>
      <object_component id="oc-17d">
         <name>.text</name>
         <load_address>0x1cb4</load_address>
         <run_address>0x1cb4</run_address>
         <size>0x37c</size>
         <input_file_ref idref="fl-a"/>
      </object_component>
      <object_component id="oc-177">
         <name>.text</name>
         <load_address>0x2030</load_address>
         <run_address>0x2030</run_address>
         <size>0x204</size>
         <input_file_ref idref="fl-b"/>
      </object_component>
      <object_component id="oc-10a">
         <name>.text</name>
         <load_address>0x2234</load_address>
         <run_address>0x2234</run_address>
         <size>0x204</size>
         <input_file_ref idref="fl-3"/>
      </object_component>
      <object_component id="oc-110">
         <name>.text:GPIOPadConfigSet</name>
         <load_address>0x2438</load_address>
         <run_address>0x2438</run_address>
         <size>0x16c</size>
         <input_file_ref idref="fl-d6"/>
      </object_component>
      <object_component id="oc-f8">
         <name>.text:SysCtlClockGet</name>
         <load_address>0x25a4</load_address>
         <run_address>0x25a4</run_address>
         <size>0x118</size>
         <input_file_ref idref="fl-da"/>
      </object_component>
      <object_component id="oc-c8">
         <name>.text:SysCtlClockSet</name>
         <load_address>0x26bc</load_address>
         <run_address>0x26bc</run_address>
         <size>0xf4</size>
         <input_file_ref idref="fl-da"/>
      </object_component>
      <object_component id="oc-3b">
         <name>.text</name>
         <load_address>0x27b0</load_address>
         <run_address>0x27b0</run_address>
         <size>0x9c</size>
         <input_file_ref idref="fl-cf"/>
      </object_component>
      <object_component id="oc-8f">
         <name>.text</name>
         <load_address>0x284c</load_address>
         <run_address>0x284c</run_address>
         <size>0x7a</size>
         <input_file_ref idref="fl-c8"/>
      </object_component>
      <object_component id="oc-15">
         <name>.text:decompress:lzss:__TI_decompress_lzss</name>
         <load_address>0x28c6</load_address>
         <run_address>0x28c6</run_address>
         <size>0x68</size>
         <input_file_ref idref="fl-cc"/>
      </object_component>
      <object_component id="oc-27b">
         <name>.text</name>
         <load_address>0x292e</load_address>
         <run_address>0x292e</run_address>
         <size>0x2</size>
         <input_file_ref idref="fl-ce"/>
      </object_component>
      <object_component id="oc-2ca">
         <name>.text:TimerConfigure</name>
         <load_address>0x2930</load_address>
         <run_address>0x2930</run_address>
         <size>0x60</size>
         <input_file_ref idref="fl-db"/>
      </object_component>
      <object_component id="oc-238">
         <name>.text</name>
         <load_address>0x2990</load_address>
         <run_address>0x2990</run_address>
         <size>0x5c</size>
         <input_file_ref idref="fl-d"/>
      </object_component>
      <object_component id="oc-e0">
         <name>.text:SysCtlPeripheralReset</name>
         <load_address>0x29ec</load_address>
         <run_address>0x29ec</run_address>
         <size>0x50</size>
         <input_file_ref idref="fl-da"/>
      </object_component>
      <object_component id="oc-f2">
         <name>.text:GPIOPinConfigure</name>
         <load_address>0x2a3c</load_address>
         <run_address>0x2a3c</run_address>
         <size>0x4c</size>
         <input_file_ref idref="fl-d6"/>
      </object_component>
      <object_component id="oc-fe">
         <name>.text:I2CMasterInitExpClk</name>
         <load_address>0x2a88</load_address>
         <run_address>0x2a88</run_address>
         <size>0x4c</size>
         <input_file_ref idref="fl-d7"/>
      </object_component>
      <object_component id="oc-ce">
         <name>.text</name>
         <load_address>0x2ad4</load_address>
         <run_address>0x2ad4</run_address>
         <size>0x44</size>
         <input_file_ref idref="fl-7"/>
      </object_component>
      <object_component id="oc-13c">
         <name>.text:__TI_auto_init_nobinit_nopinit:__TI_auto_init_nobinit_nopinit</name>
         <load_address>0x2b18</load_address>
         <run_address>0x2b18</run_address>
         <size>0x44</size>
         <input_file_ref idref="fl-d0"/>
      </object_component>
      <object_component id="oc-185">
         <name>.text</name>
         <load_address>0x2b5c</load_address>
         <run_address>0x2b5c</run_address>
         <size>0x40</size>
         <input_file_ref idref="fl-c9"/>
      </object_component>
      <object_component id="oc-24a">
         <name>.text:SSIConfigSetExpClk</name>
         <load_address>0x2b9c</load_address>
         <run_address>0x2b9c</run_address>
         <size>0x3c</size>
         <input_file_ref idref="fl-d9"/>
      </object_component>
      <object_component id="oc-da">
         <name>.text:SysCtlPeripheralEnable</name>
         <load_address>0x2bd8</load_address>
         <run_address>0x2bd8</run_address>
         <size>0x34</size>
         <input_file_ref idref="fl-da"/>
      </object_component>
      <object_component id="oc-59">
         <name>.text:_c_int00_noargs:_c_int00_noargs</name>
         <load_address>0x2c0c</load_address>
         <run_address>0x2c0c</run_address>
         <size>0x34</size>
         <input_file_ref idref="fl-cd"/>
      </object_component>
      <object_component id="oc-116">
         <name>.text:GPIODirModeSet</name>
         <load_address>0x2c40</load_address>
         <run_address>0x2c40</run_address>
         <size>0x2c</size>
         <input_file_ref idref="fl-d6"/>
      </object_component>
      <object_component id="oc-47">
         <name>.text:decompress:ZI:__TI_zero_init_nomemset:__TI_zero_init_nomemset</name>
         <load_address>0x2c6c</load_address>
         <run_address>0x2c6c</run_address>
         <size>0x1c</size>
         <input_file_ref idref="fl-ca"/>
      </object_component>
      <object_component id="oc-256">
         <name>.text:GPIOPinTypeGPIOOutput</name>
         <load_address>0x2c88</load_address>
         <run_address>0x2c88</run_address>
         <size>0x1a</size>
         <input_file_ref idref="fl-d6"/>
      </object_component>
      <object_component id="oc-104">
         <name>.text:GPIOPinTypeGPIOInput</name>
         <load_address>0x2ca2</load_address>
         <run_address>0x2ca2</run_address>
         <size>0x16</size>
         <input_file_ref idref="fl-d6"/>
      </object_component>
      <object_component id="oc-e6">
         <name>.text:GPIOPinTypeI2C</name>
         <load_address>0x2cb8</load_address>
         <run_address>0x2cb8</run_address>
         <size>0x16</size>
         <input_file_ref idref="fl-d6"/>
      </object_component>
      <object_component id="oc-ec">
         <name>.text:GPIOPinTypeI2CSCL</name>
         <load_address>0x2cce</load_address>
         <run_address>0x2cce</run_address>
         <size>0x16</size>
         <input_file_ref idref="fl-d6"/>
      </object_component>
      <object_component id="oc-23e">
         <name>.text:GPIOPinTypeSSI</name>
         <load_address>0x2ce4</load_address>
         <run_address>0x2ce4</run_address>
         <size>0x16</size>
         <input_file_ref idref="fl-d6"/>
      </object_component>
      <object_component id="oc-2d0">
         <name>.text:TimerEnable</name>
         <load_address>0x2cfa</load_address>
         <run_address>0x2cfa</run_address>
         <size>0xe</size>
         <input_file_ref idref="fl-db"/>
      </object_component>
      <object_component id="oc-1b">
         <name>.text:decompress:none:__TI_decompress_none</name>
         <load_address>0x2d08</load_address>
         <run_address>0x2d08</run_address>
         <size>0xe</size>
         <input_file_ref idref="fl-cb"/>
      </object_component>
      <object_component id="oc-268">
         <name>.text:SSIDataGet</name>
         <load_address>0x2d16</load_address>
         <run_address>0x2d16</run_address>
         <size>0xc</size>
         <input_file_ref idref="fl-d9"/>
      </object_component>
      <object_component id="oc-27">
         <name>.text</name>
         <load_address>0x2d22</load_address>
         <run_address>0x2d22</run_address>
         <size>0xc</size>
         <input_file_ref idref="fl-5"/>
      </object_component>
      <object_component id="oc-1af">
         <name>.text:I2CMasterEnable</name>
         <load_address>0x2d2e</load_address>
         <run_address>0x2d2e</run_address>
         <size>0xa</size>
         <input_file_ref idref="fl-d7"/>
      </object_component>
      <object_component id="oc-262">
         <name>.text:SSIDataPut</name>
         <load_address>0x2d38</load_address>
         <run_address>0x2d38</run_address>
         <size>0xa</size>
         <input_file_ref idref="fl-d9"/>
      </object_component>
      <object_component id="oc-250">
         <name>.text:SSIEnable</name>
         <load_address>0x2d42</load_address>
         <run_address>0x2d42</run_address>
         <size>0xa</size>
         <input_file_ref idref="fl-d9"/>
      </object_component>
      <object_component id="oc-2d6">
         <name>.text:TimerValueGet</name>
         <load_address>0x2d4c</load_address>
         <run_address>0x2d4c</run_address>
         <size>0xa</size>
         <input_file_ref idref="fl-db"/>
      </object_component>
      <object_component id="oc-1d6">
         <name>.text:I2CMasterBusBusy</name>
         <load_address>0x2d56</load_address>
         <run_address>0x2d56</run_address>
         <size>0x8</size>
         <input_file_ref idref="fl-d7"/>
      </object_component>
      <object_component id="oc-1ca">
         <name>.text:I2CMasterBusy</name>
         <load_address>0x2d5e</load_address>
         <run_address>0x2d5e</run_address>
         <size>0x8</size>
         <input_file_ref idref="fl-d7"/>
      </object_component>
      <object_component id="oc-1b8">
         <name>.text:I2CMasterSlaveAddrSet</name>
         <load_address>0x2d66</load_address>
         <run_address>0x2d66</run_address>
         <size>0x8</size>
         <input_file_ref idref="fl-d7"/>
      </object_component>
      <object_component id="oc-25c">
         <name>.text:SSIBusy</name>
         <load_address>0x2d6e</load_address>
         <run_address>0x2d6e</run_address>
         <size>0x8</size>
         <input_file_ref idref="fl-d9"/>
      </object_component>
      <object_component id="oc-123">
         <name>.text:GPIOPinRead</name>
         <load_address>0x2d76</load_address>
         <run_address>0x2d76</run_address>
         <size>0x6</size>
         <input_file_ref idref="fl-d6"/>
      </object_component>
      <object_component id="oc-11c">
         <name>.text:GPIOPinWrite</name>
         <load_address>0x2d7c</load_address>
         <run_address>0x2d7c</run_address>
         <size>0x6</size>
         <input_file_ref idref="fl-d6"/>
      </object_component>
      <object_component id="oc-244">
         <name>.text:SSIClockSourceSet</name>
         <load_address>0x2d82</load_address>
         <run_address>0x2d82</run_address>
         <size>0x6</size>
         <input_file_ref idref="fl-d9"/>
      </object_component>
      <object_component id="oc-122">
         <name>.text:SysCtlDelay</name>
         <load_address>0x2d88</load_address>
         <run_address>0x2d88</run_address>
         <size>0x6</size>
         <input_file_ref idref="fl-da"/>
      </object_component>
      <object_component id="oc-1c4">
         <name>.text:I2CMasterControl</name>
         <load_address>0x2d8e</load_address>
         <run_address>0x2d8e</run_address>
         <size>0x4</size>
         <input_file_ref idref="fl-d7"/>
      </object_component>
      <object_component id="oc-1d0">
         <name>.text:I2CMasterDataGet</name>
         <load_address>0x2d92</load_address>
         <run_address>0x2d92</run_address>
         <size>0x4</size>
         <input_file_ref idref="fl-d7"/>
      </object_component>
      <object_component id="oc-1be">
         <name>.text:I2CMasterDataPut</name>
         <load_address>0x2d96</load_address>
         <run_address>0x2d96</run_address>
         <size>0x4</size>
         <input_file_ref idref="fl-d7"/>
      </object_component>
      <object_component id="oc-95">
         <name>.text:_system_pre_init</name>
         <load_address>0x2d9a</load_address>
         <run_address>0x2d9a</run_address>
         <size>0x4</size>
         <input_file_ref idref="fl-d1"/>
      </object_component>
      <object_component id="oc-130">
         <name>.text:abort:abort</name>
         <load_address>0x2d9e</load_address>
         <run_address>0x2d9e</run_address>
         <size>0x4</size>
         <input_file_ref idref="fl-d3"/>
      </object_component>
      <object_component id="oc-26e">
         <name>.const:.string:rgbOledFont0</name>
         <load_address>0x2da4</load_address>
         <run_address>0x2da4</run_address>
         <size>0x300</size>
         <input_file_ref idref="fl-8"/>
      </object_component>
      <object_component id="oc-1a7">
         <name>.const:g_pui32GPIOBaseAddrs</name>
         <load_address>0x30a4</load_address>
         <run_address>0x30a4</run_address>
         <size>0x90</size>
         <input_file_ref idref="fl-d6"/>
      </object_component>
      <object_component id="oc-1ab">
         <name>.const:g_pui32Xtals</name>
         <load_address>0x3134</load_address>
         <run_address>0x3134</run_address>
         <size>0x6c</size>
         <input_file_ref idref="fl-da"/>
      </object_component>
      <object_component id="oc-274">
         <name>.const:.string:rgbFillPat</name>
         <load_address>0x31a0</load_address>
         <run_address>0x31a0</run_address>
         <size>0x40</size>
         <input_file_ref idref="fl-9"/>
      </object_component>
      <object_component id="oc-18d">
         <name>.const:g_psDaysToMonth</name>
         <load_address>0x31e0</load_address>
         <run_address>0x31e0</run_address>
         <size>0x30</size>
         <input_file_ref idref="fl-6"/>
      </object_component>
      <object_component id="oc-190">
         <name>.const:g_pfExponents</name>
         <load_address>0x3210</load_address>
         <run_address>0x3210</run_address>
         <size>0x18</size>
         <input_file_ref idref="fl-6"/>
      </object_component>
      <object_component id="oc-281">
         <name>.const:.string</name>
         <load_address>0x3228</load_address>
         <run_address>0x3228</run_address>
         <size>0x12</size>
         <input_file_ref idref="fl-6"/>
      </object_component>
      <object_component id="oc-18a">
         <name>.const</name>
         <load_address>0x323c</load_address>
         <run_address>0x323c</run_address>
         <size>0x4</size>
         <input_file_ref idref="fl-6"/>
      </object_component>
      <object_component id="oc-333">
         <name>__TI_handler_table</name>
         <load_address>0x3240</load_address>
         <run_address>0x3240</run_address>
         <size>0xc</size>
      </object_component>
      <object_component id="oc-336">
         <name>.cinit..bss.load</name>
         <load_address>0x3250</load_address>
         <run_address>0x3250</run_address>
         <size>0x8</size>
      </object_component>
      <object_component id="oc-335">
         <name>.cinit..data.load</name>
         <load_address>0x3258</load_address>
         <run_address>0x3258</run_address>
         <size>0x8</size>
      </object_component>
      <object_component id="oc-334">
         <name>__TI_cinit_table</name>
         <load_address>0x3260</load_address>
         <run_address>0x3260</run_address>
         <size>0x10</size>
      </object_component>
      <object_component id="oc-193">
         <name>.data</name>
         <load_address>0x20000344</load_address>
         <run_address>0x20000344</run_address>
         <size>0x4</size>
         <input_file_ref idref="fl-6"/>
      </object_component>
      <object_component id="oc-2be">
         <name>.common:xcoOledCur</name>
         <uninitialized>true</uninitialized>
         <run_address>0x20000330</run_address>
         <size>0x4</size>
      </object_component>
      <object_component id="oc-2bf">
         <name>.common:ycoOledCur</name>
         <uninitialized>true</uninitialized>
         <run_address>0x2000033c</run_address>
         <size>0x4</size>
      </object_component>
      <object_component id="oc-236">
         <name>.common:pbOledCur</name>
         <uninitialized>true</uninitialized>
         <run_address>0x20000314</run_address>
         <size>0x4</size>
      </object_component>
      <object_component id="oc-2c0">
         <name>.common:bnOledCur</name>
         <uninitialized>true</uninitialized>
         <run_address>0x20000300</run_address>
         <size>0x4</size>
      </object_component>
      <object_component id="oc-272">
         <name>.common:clrOledCur</name>
         <uninitialized>true</uninitialized>
         <run_address>0x20000340</run_address>
         <size>0x1</size>
      </object_component>
      <object_component id="oc-273">
         <name>.common:pbOledPatCur</name>
         <uninitialized>true</uninitialized>
         <run_address>0x20000320</run_address>
         <size>0x4</size>
      </object_component>
      <object_component id="oc-234">
         <name>.common:fOledCharUpdate</name>
         <uninitialized>true</uninitialized>
         <run_address>0x2000030c</run_address>
         <size>0x4</size>
      </object_component>
      <object_component id="oc-22f">
         <name>.common:dxcoOledFontCur</name>
         <uninitialized>true</uninitialized>
         <run_address>0x20000304</run_address>
         <size>0x4</size>
      </object_component>
      <object_component id="oc-232">
         <name>.common:dycoOledFontCur</name>
         <uninitialized>true</uninitialized>
         <run_address>0x20000308</run_address>
         <size>0x4</size>
      </object_component>
      <object_component id="oc-235">
         <name>.common:pbOledFontCur</name>
         <uninitialized>true</uninitialized>
         <run_address>0x20000318</run_address>
         <size>0x4</size>
      </object_component>
      <object_component id="oc-233">
         <name>.common:pbOledFontUser</name>
         <uninitialized>true</uninitialized>
         <run_address>0x2000031c</run_address>
         <size>0x4</size>
      </object_component>
      <object_component id="oc-277">
         <name>.common:rgbOledBmp</name>
         <uninitialized>true</uninitialized>
         <run_address>0x20000000</run_address>
         <size>0x200</size>
      </object_component>
      <object_component id="oc-22d">
         <name>.common:xchOledCur</name>
         <uninitialized>true</uninitialized>
         <run_address>0x20000328</run_address>
         <size>0x4</size>
      </object_component>
      <object_component id="oc-22e">
         <name>.common:ychOledCur</name>
         <uninitialized>true</uninitialized>
         <run_address>0x20000334</run_address>
         <size>0x4</size>
      </object_component>
      <object_component id="oc-229">
         <name>.common:xchOledMax</name>
         <uninitialized>true</uninitialized>
         <run_address>0x2000032c</run_address>
         <size>0x4</size>
      </object_component>
      <object_component id="oc-22c">
         <name>.common:ychOledMax</name>
         <uninitialized>true</uninitialized>
         <run_address>0x20000338</run_address>
         <size>0x4</size>
      </object_component>
      <object_component id="oc-271">
         <name>.common:rgbOledFontUser</name>
         <uninitialized>true</uninitialized>
         <run_address>0x20000200</run_address>
         <size>0x100</size>
      </object_component>
      <object_component id="oc-2c4">
         <name>.common:pfnDoRop</name>
         <uninitialized>true</uninitialized>
         <run_address>0x20000324</run_address>
         <size>0x4</size>
      </object_component>
      <object_component id="oc-2c1">
         <name>.common:modOledCur</name>
         <uninitialized>true</uninitialized>
         <run_address>0x20000310</run_address>
         <size>0x4</size>
      </object_component>
      <object_component id="oc-24">
         <name>.stack</name>
         <uninitialized>true</uninitialized>
         <run_address>0x20000348</run_address>
         <size>0x4</size>
         <input_file_ref idref="fl-cd"/>
      </object_component>
      <object_component id="oc-338">
         <name>.stack</name>
         <uninitialized>true</uninitialized>
         <run_address>0x20000348</run_address>
         <size>0x0</size>
      </object_component>
      <object_component id="oc-b7">
         <name>.debug_info</name>
         <load_address>0x0</load_address>
         <run_address>0x0</run_address>
         <size>0x389</size>
         <input_file_ref idref="fl-2"/>
      </object_component>
      <object_component id="oc-70">
         <name>.debug_info</name>
         <load_address>0x389</load_address>
         <run_address>0x389</run_address>
         <size>0x26b</size>
         <input_file_ref idref="fl-2"/>
      </object_component>
      <object_component id="oc-b2">
         <name>.debug_info</name>
         <load_address>0x5f4</load_address>
         <run_address>0x5f4</run_address>
         <size>0x8b</size>
         <input_file_ref idref="fl-2"/>
      </object_component>
      <object_component id="oc-ad">
         <name>.debug_info</name>
         <load_address>0x67f</load_address>
         <run_address>0x67f</run_address>
         <size>0x2a4</size>
         <input_file_ref idref="fl-2"/>
      </object_component>
      <object_component id="oc-75">
         <name>.debug_info</name>
         <load_address>0x923</load_address>
         <run_address>0x923</run_address>
         <size>0xbb</size>
         <input_file_ref idref="fl-2"/>
      </object_component>
      <object_component id="oc-1dd">
         <name>.debug_info</name>
         <load_address>0x9de</load_address>
         <run_address>0x9de</run_address>
         <size>0x3db</size>
         <input_file_ref idref="fl-3"/>
      </object_component>
      <object_component id="oc-10d">
         <name>.debug_info</name>
         <load_address>0xdb9</load_address>
         <run_address>0xdb9</run_address>
         <size>0x55a</size>
         <input_file_ref idref="fl-3"/>
      </object_component>
      <object_component id="oc-12a">
         <name>.debug_info</name>
         <load_address>0x1313</load_address>
         <run_address>0x1313</run_address>
         <size>0x6e4</size>
         <input_file_ref idref="fl-4"/>
      </object_component>
      <object_component id="oc-9e">
         <name>.debug_info</name>
         <load_address>0x19f7</load_address>
         <run_address>0x19f7</run_address>
         <size>0x94d</size>
         <input_file_ref idref="fl-4"/>
      </object_component>
      <object_component id="oc-12b">
         <name>.debug_info</name>
         <load_address>0x2344</load_address>
         <run_address>0x2344</run_address>
         <size>0x72</size>
         <input_file_ref idref="fl-4"/>
      </object_component>
      <object_component id="oc-1e9">
         <name>.debug_info</name>
         <load_address>0x23b6</load_address>
         <run_address>0x23b6</run_address>
         <size>0x110</size>
         <input_file_ref idref="fl-4"/>
      </object_component>
      <object_component id="oc-19d">
         <name>.debug_info</name>
         <load_address>0x24c6</load_address>
         <run_address>0x24c6</run_address>
         <size>0x2c</size>
         <input_file_ref idref="fl-4"/>
      </object_component>
      <object_component id="oc-1e4">
         <name>.debug_info</name>
         <load_address>0x24f2</load_address>
         <run_address>0x24f2</run_address>
         <size>0x35</size>
         <input_file_ref idref="fl-4"/>
      </object_component>
      <object_component id="oc-2f">
         <name>.debug_info</name>
         <load_address>0x2527</load_address>
         <run_address>0x2527</run_address>
         <size>0x2cb</size>
         <input_file_ref idref="fl-5"/>
      </object_component>
      <object_component id="oc-13">
         <name>.debug_info</name>
         <load_address>0x27f2</load_address>
         <run_address>0x27f2</run_address>
         <size>0x10a</size>
         <input_file_ref idref="fl-5"/>
      </object_component>
      <object_component id="oc-2a">
         <name>.debug_info</name>
         <load_address>0x28fc</load_address>
         <run_address>0x28fc</run_address>
         <size>0x286</size>
         <input_file_ref idref="fl-5"/>
      </object_component>
      <object_component id="oc-36">
         <name>.debug_info</name>
         <load_address>0x2b82</load_address>
         <run_address>0x2b82</run_address>
         <size>0x84</size>
         <input_file_ref idref="fl-5"/>
      </object_component>
      <object_component id="oc-197">
         <name>.debug_info</name>
         <load_address>0x2c06</load_address>
         <run_address>0x2c06</run_address>
         <size>0x30c</size>
         <input_file_ref idref="fl-6"/>
      </object_component>
      <object_component id="oc-18b">
         <name>.debug_info</name>
         <load_address>0x2f12</load_address>
         <run_address>0x2f12</run_address>
         <size>0x113</size>
         <input_file_ref idref="fl-6"/>
      </object_component>
      <object_component id="oc-18e">
         <name>.debug_info</name>
         <load_address>0x3025</load_address>
         <run_address>0x3025</run_address>
         <size>0x124</size>
         <input_file_ref idref="fl-6"/>
      </object_component>
      <object_component id="oc-191">
         <name>.debug_info</name>
         <load_address>0x3149</load_address>
         <run_address>0x3149</run_address>
         <size>0x120</size>
         <input_file_ref idref="fl-6"/>
      </object_component>
      <object_component id="oc-194">
         <name>.debug_info</name>
         <load_address>0x3269</load_address>
         <run_address>0x3269</run_address>
         <size>0x120</size>
         <input_file_ref idref="fl-6"/>
      </object_component>
      <object_component id="oc-d5">
         <name>.debug_info</name>
         <load_address>0x3389</load_address>
         <run_address>0x3389</run_address>
         <size>0x137c</size>
         <input_file_ref idref="fl-6"/>
      </object_component>
      <object_component id="oc-198">
         <name>.debug_info</name>
         <load_address>0x4705</load_address>
         <run_address>0x4705</run_address>
         <size>0x196</size>
         <input_file_ref idref="fl-6"/>
      </object_component>
      <object_component id="oc-184">
         <name>.debug_info</name>
         <load_address>0x489b</load_address>
         <run_address>0x489b</run_address>
         <size>0x3a6</size>
         <input_file_ref idref="fl-7"/>
      </object_component>
      <object_component id="oc-cf">
         <name>.debug_info</name>
         <load_address>0x4c41</load_address>
         <run_address>0x4c41</run_address>
         <size>0x445</size>
         <input_file_ref idref="fl-7"/>
      </object_component>
      <object_component id="oc-2e8">
         <name>.debug_info</name>
         <load_address>0x5086</load_address>
         <run_address>0x5086</run_address>
         <size>0x13b</size>
         <input_file_ref idref="fl-8"/>
      </object_component>
      <object_component id="oc-26f">
         <name>.debug_info</name>
         <load_address>0x51c1</load_address>
         <run_address>0x51c1</run_address>
         <size>0x14f</size>
         <input_file_ref idref="fl-8"/>
      </object_component>
      <object_component id="oc-2eb">
         <name>.debug_info</name>
         <load_address>0x5310</load_address>
         <run_address>0x5310</run_address>
         <size>0x138</size>
         <input_file_ref idref="fl-9"/>
      </object_component>
      <object_component id="oc-275">
         <name>.debug_info</name>
         <load_address>0x5448</load_address>
         <run_address>0x5448</run_address>
         <size>0x14a</size>
         <input_file_ref idref="fl-9"/>
      </object_component>
      <object_component id="oc-230">
         <name>.debug_info</name>
         <load_address>0x5592</load_address>
         <run_address>0x5592</run_address>
         <size>0x8a8</size>
         <input_file_ref idref="fl-a"/>
      </object_component>
      <object_component id="oc-180">
         <name>.debug_info</name>
         <load_address>0x5e3a</load_address>
         <run_address>0x5e3a</run_address>
         <size>0x1080</size>
         <input_file_ref idref="fl-a"/>
      </object_component>
      <object_component id="oc-22a">
         <name>.debug_info</name>
         <load_address>0x6eba</load_address>
         <run_address>0x6eba</run_address>
         <size>0x525</size>
         <input_file_ref idref="fl-b"/>
      </object_component>
      <object_component id="oc-178">
         <name>.debug_info</name>
         <load_address>0x73df</load_address>
         <run_address>0x73df</run_address>
         <size>0xd53</size>
         <input_file_ref idref="fl-b"/>
      </object_component>
      <object_component id="oc-2c2">
         <name>.debug_info</name>
         <load_address>0x8132</load_address>
         <run_address>0x8132</run_address>
         <size>0x4ff</size>
         <input_file_ref idref="fl-c"/>
      </object_component>
      <object_component id="oc-224">
         <name>.debug_info</name>
         <load_address>0x8631</load_address>
         <run_address>0x8631</run_address>
         <size>0x2805</size>
         <input_file_ref idref="fl-c"/>
      </object_component>
      <object_component id="oc-23c">
         <name>.debug_info</name>
         <load_address>0xae36</load_address>
         <run_address>0xae36</run_address>
         <size>0x390</size>
         <input_file_ref idref="fl-d"/>
      </object_component>
      <object_component id="oc-91">
         <name>.debug_info</name>
         <load_address>0xb1c6</load_address>
         <run_address>0xb1c6</run_address>
         <size>0x147</size>
         <input_file_ref idref="fl-c8"/>
      </object_component>
      <object_component id="oc-186">
         <name>.debug_info</name>
         <load_address>0xb30d</load_address>
         <run_address>0xb30d</run_address>
         <size>0x142</size>
         <input_file_ref idref="fl-c9"/>
      </object_component>
      <object_component id="oc-8e">
         <name>.debug_info</name>
         <load_address>0xb44f</load_address>
         <run_address>0xb44f</run_address>
         <size>0x2d4</size>
         <input_file_ref idref="fl-ca"/>
      </object_component>
      <object_component id="oc-4a">
         <name>.debug_info</name>
         <load_address>0xb723</load_address>
         <run_address>0xb723</run_address>
         <size>0x1d2</size>
         <input_file_ref idref="fl-ca"/>
      </object_component>
      <object_component id="oc-89">
         <name>.debug_info</name>
         <load_address>0xb8f5</load_address>
         <run_address>0xb8f5</run_address>
         <size>0x46</size>
         <input_file_ref idref="fl-ca"/>
      </object_component>
      <object_component id="oc-bf">
         <name>.debug_info</name>
         <load_address>0xb93b</load_address>
         <run_address>0xb93b</run_address>
         <size>0x2c</size>
         <input_file_ref idref="fl-ca"/>
      </object_component>
      <object_component id="oc-46">
         <name>.debug_info</name>
         <load_address>0xb967</load_address>
         <run_address>0xb967</run_address>
         <size>0x2a8</size>
         <input_file_ref idref="fl-cb"/>
      </object_component>
      <object_component id="oc-1d">
         <name>.debug_info</name>
         <load_address>0xbc0f</load_address>
         <run_address>0xbc0f</run_address>
         <size>0x1ea</size>
         <input_file_ref idref="fl-cb"/>
      </object_component>
      <object_component id="oc-41">
         <name>.debug_info</name>
         <load_address>0xbdf9</load_address>
         <run_address>0xbdf9</run_address>
         <size>0x46</size>
         <input_file_ref idref="fl-cb"/>
      </object_component>
      <object_component id="oc-81">
         <name>.debug_info</name>
         <load_address>0xbe3f</load_address>
         <run_address>0xbe3f</run_address>
         <size>0x2c</size>
         <input_file_ref idref="fl-cb"/>
      </object_component>
      <object_component id="oc-7f">
         <name>.debug_info</name>
         <load_address>0xbe6b</load_address>
         <run_address>0xbe6b</run_address>
         <size>0x29e</size>
         <input_file_ref idref="fl-cc"/>
      </object_component>
      <object_component id="oc-19">
         <name>.debug_info</name>
         <load_address>0xc109</load_address>
         <run_address>0xc109</run_address>
         <size>0x250</size>
         <input_file_ref idref="fl-cc"/>
      </object_component>
      <object_component id="oc-31">
         <name>.debug_info</name>
         <load_address>0xc359</load_address>
         <run_address>0xc359</run_address>
         <size>0x60</size>
         <input_file_ref idref="fl-cc"/>
      </object_component>
      <object_component id="oc-b8">
         <name>.debug_info</name>
         <load_address>0xc3b9</load_address>
         <run_address>0xc3b9</run_address>
         <size>0x46</size>
         <input_file_ref idref="fl-cc"/>
      </object_component>
      <object_component id="oc-7a">
         <name>.debug_info</name>
         <load_address>0xc3ff</load_address>
         <run_address>0xc3ff</run_address>
         <size>0x39</size>
         <input_file_ref idref="fl-cc"/>
      </object_component>
      <object_component id="oc-25">
         <name>.debug_info</name>
         <load_address>0xc438</load_address>
         <run_address>0xc438</run_address>
         <size>0x10b</size>
         <input_file_ref idref="fl-cd"/>
      </object_component>
      <object_component id="oc-5c">
         <name>.debug_info</name>
         <load_address>0xc543</load_address>
         <run_address>0xc543</run_address>
         <size>0x1a9</size>
         <input_file_ref idref="fl-cd"/>
      </object_component>
      <object_component id="oc-27c">
         <name>.debug_info</name>
         <load_address>0xc6ec</load_address>
         <run_address>0xc6ec</run_address>
         <size>0x115</size>
         <input_file_ref idref="fl-ce"/>
      </object_component>
      <object_component id="oc-3c">
         <name>.debug_info</name>
         <load_address>0xc801</load_address>
         <run_address>0xc801</run_address>
         <size>0x119</size>
         <input_file_ref idref="fl-cf"/>
      </object_component>
      <object_component id="oc-1f9">
         <name>.debug_info</name>
         <load_address>0xc91a</load_address>
         <run_address>0xc91a</run_address>
         <size>0x4b3</size>
         <input_file_ref idref="fl-d0"/>
      </object_component>
      <object_component id="oc-13d">
         <name>.debug_info</name>
         <load_address>0xcdcd</load_address>
         <run_address>0xcdcd</run_address>
         <size>0x1a6</size>
         <input_file_ref idref="fl-d0"/>
      </object_component>
      <object_component id="oc-2ad">
         <name>.debug_info</name>
         <load_address>0xcf73</load_address>
         <run_address>0xcf73</run_address>
         <size>0x39</size>
         <input_file_ref idref="fl-d0"/>
      </object_component>
      <object_component id="oc-2f0">
         <name>.debug_info</name>
         <load_address>0xcfac</load_address>
         <run_address>0xcfac</run_address>
         <size>0x39</size>
         <input_file_ref idref="fl-d0"/>
      </object_component>
      <object_component id="oc-2b2">
         <name>.debug_info</name>
         <load_address>0xcfe5</load_address>
         <run_address>0xcfe5</run_address>
         <size>0x39</size>
         <input_file_ref idref="fl-d0"/>
      </object_component>
      <object_component id="oc-2b7">
         <name>.debug_info</name>
         <load_address>0xd01e</load_address>
         <run_address>0xd01e</run_address>
         <size>0xcd</size>
         <input_file_ref idref="fl-d0"/>
      </object_component>
      <object_component id="oc-98">
         <name>.debug_info</name>
         <load_address>0xd0eb</load_address>
         <run_address>0xd0eb</run_address>
         <size>0x153</size>
         <input_file_ref idref="fl-d1"/>
      </object_component>
      <object_component id="oc-134">
         <name>.debug_info</name>
         <load_address>0xd23e</load_address>
         <run_address>0xd23e</run_address>
         <size>0x122</size>
         <input_file_ref idref="fl-d3"/>
      </object_component>
      <object_component id="oc-1a5">
         <name>.debug_info</name>
         <load_address>0xd360</load_address>
         <run_address>0xd360</run_address>
         <size>0x3e4</size>
         <input_file_ref idref="fl-d6"/>
      </object_component>
      <object_component id="oc-1a8">
         <name>.debug_info</name>
         <load_address>0xd744</load_address>
         <run_address>0xd744</run_address>
         <size>0x164</size>
         <input_file_ref idref="fl-d6"/>
      </object_component>
      <object_component id="oc-11e">
         <name>.debug_info</name>
         <load_address>0xd8a8</load_address>
         <run_address>0xd8a8</run_address>
         <size>0x2ac</size>
         <input_file_ref idref="fl-d6"/>
      </object_component>
      <object_component id="oc-118">
         <name>.debug_info</name>
         <load_address>0xdb54</load_address>
         <run_address>0xdb54</run_address>
         <size>0x2bc</size>
         <input_file_ref idref="fl-d6"/>
      </object_component>
      <object_component id="oc-112">
         <name>.debug_info</name>
         <load_address>0xde10</load_address>
         <run_address>0xde10</run_address>
         <size>0x31f</size>
         <input_file_ref idref="fl-d6"/>
      </object_component>
      <object_component id="oc-240">
         <name>.debug_info</name>
         <load_address>0xe12f</load_address>
         <run_address>0xe12f</run_address>
         <size>0x299</size>
         <input_file_ref idref="fl-d6"/>
      </object_component>
      <object_component id="oc-ed">
         <name>.debug_info</name>
         <load_address>0xe3c8</load_address>
         <run_address>0xe3c8</run_address>
         <size>0x29f</size>
         <input_file_ref idref="fl-d6"/>
      </object_component>
      <object_component id="oc-e8">
         <name>.debug_info</name>
         <load_address>0xe667</load_address>
         <run_address>0xe667</run_address>
         <size>0x299</size>
         <input_file_ref idref="fl-d6"/>
      </object_component>
      <object_component id="oc-258">
         <name>.debug_info</name>
         <load_address>0xe900</load_address>
         <run_address>0xe900</run_address>
         <size>0x2c0</size>
         <input_file_ref idref="fl-d6"/>
      </object_component>
      <object_component id="oc-106">
         <name>.debug_info</name>
         <load_address>0xebc0</load_address>
         <run_address>0xebc0</run_address>
         <size>0x2a5</size>
         <input_file_ref idref="fl-d6"/>
      </object_component>
      <object_component id="oc-124">
         <name>.debug_info</name>
         <load_address>0xee65</load_address>
         <run_address>0xee65</run_address>
         <size>0x284</size>
         <input_file_ref idref="fl-d6"/>
      </object_component>
      <object_component id="oc-f3">
         <name>.debug_info</name>
         <load_address>0xf0e9</load_address>
         <run_address>0xf0e9</run_address>
         <size>0x289</size>
         <input_file_ref idref="fl-d6"/>
      </object_component>
      <object_component id="oc-21e">
         <name>.debug_info</name>
         <load_address>0xf372</load_address>
         <run_address>0xf372</run_address>
         <size>0x26b</size>
         <input_file_ref idref="fl-d6"/>
      </object_component>
      <object_component id="oc-20e">
         <name>.debug_info</name>
         <load_address>0xf5dd</load_address>
         <run_address>0xf5dd</run_address>
         <size>0x297</size>
         <input_file_ref idref="fl-d6"/>
      </object_component>
      <object_component id="oc-219">
         <name>.debug_info</name>
         <load_address>0xf874</load_address>
         <run_address>0xf874</run_address>
         <size>0xef</size>
         <input_file_ref idref="fl-d6"/>
      </object_component>
      <object_component id="oc-171">
         <name>.debug_info</name>
         <load_address>0xf963</load_address>
         <run_address>0xf963</run_address>
         <size>0xbb</size>
         <input_file_ref idref="fl-d6"/>
      </object_component>
      <object_component id="oc-1b6">
         <name>.debug_info</name>
         <load_address>0xfa1e</load_address>
         <run_address>0xfa1e</run_address>
         <size>0x3d5</size>
         <input_file_ref idref="fl-d7"/>
      </object_component>
      <object_component id="oc-1ba">
         <name>.debug_info</name>
         <load_address>0xfdf3</load_address>
         <run_address>0xfdf3</run_address>
         <size>0x2d7</size>
         <input_file_ref idref="fl-d7"/>
      </object_component>
      <object_component id="oc-1b1">
         <name>.debug_info</name>
         <load_address>0x100ca</load_address>
         <run_address>0x100ca</run_address>
         <size>0x257</size>
         <input_file_ref idref="fl-d7"/>
      </object_component>
      <object_component id="oc-100">
         <name>.debug_info</name>
         <load_address>0x10321</load_address>
         <run_address>0x10321</run_address>
         <size>0x2f1</size>
         <input_file_ref idref="fl-d7"/>
      </object_component>
      <object_component id="oc-1c0">
         <name>.debug_info</name>
         <load_address>0x10612</load_address>
         <run_address>0x10612</run_address>
         <size>0x287</size>
         <input_file_ref idref="fl-d7"/>
      </object_component>
      <object_component id="oc-1d2">
         <name>.debug_info</name>
         <load_address>0x10899</load_address>
         <run_address>0x10899</run_address>
         <size>0x25d</size>
         <input_file_ref idref="fl-d7"/>
      </object_component>
      <object_component id="oc-1c6">
         <name>.debug_info</name>
         <load_address>0x10af6</load_address>
         <run_address>0x10af6</run_address>
         <size>0x287</size>
         <input_file_ref idref="fl-d7"/>
      </object_component>
      <object_component id="oc-1cc">
         <name>.debug_info</name>
         <load_address>0x10d7d</load_address>
         <run_address>0x10d7d</run_address>
         <size>0x257</size>
         <input_file_ref idref="fl-d7"/>
      </object_component>
      <object_component id="oc-1d8">
         <name>.debug_info</name>
         <load_address>0x10fd4</load_address>
         <run_address>0x10fd4</run_address>
         <size>0x25d</size>
         <input_file_ref idref="fl-d7"/>
      </object_component>
      <object_component id="oc-2df">
         <name>.debug_info</name>
         <load_address>0x11231</load_address>
         <run_address>0x11231</run_address>
         <size>0x3c0</size>
         <input_file_ref idref="fl-d9"/>
      </object_component>
      <object_component id="oc-252">
         <name>.debug_info</name>
         <load_address>0x115f1</load_address>
         <run_address>0x115f1</run_address>
         <size>0x24b</size>
         <input_file_ref idref="fl-d9"/>
      </object_component>
      <object_component id="oc-263">
         <name>.debug_info</name>
         <load_address>0x1183c</load_address>
         <run_address>0x1183c</run_address>
         <size>0x27f</size>
         <input_file_ref idref="fl-d9"/>
      </object_component>
      <object_component id="oc-26a">
         <name>.debug_info</name>
         <load_address>0x11abb</load_address>
         <run_address>0x11abb</run_address>
         <size>0x283</size>
         <input_file_ref idref="fl-d9"/>
      </object_component>
      <object_component id="oc-24c">
         <name>.debug_info</name>
         <load_address>0x11d3e</load_address>
         <run_address>0x11d3e</run_address>
         <size>0x3e2</size>
         <input_file_ref idref="fl-d9"/>
      </object_component>
      <object_component id="oc-246">
         <name>.debug_info</name>
         <load_address>0x12120</load_address>
         <run_address>0x12120</run_address>
         <size>0x295</size>
         <input_file_ref idref="fl-d9"/>
      </object_component>
      <object_component id="oc-25e">
         <name>.debug_info</name>
         <load_address>0x123b5</load_address>
         <run_address>0x123b5</run_address>
         <size>0x24b</size>
         <input_file_ref idref="fl-d9"/>
      </object_component>
      <object_component id="oc-176">
         <name>.debug_info</name>
         <load_address>0x12600</load_address>
         <run_address>0x12600</run_address>
         <size>0x441</size>
         <input_file_ref idref="fl-da"/>
      </object_component>
      <object_component id="oc-1ac">
         <name>.debug_info</name>
         <load_address>0x12a41</load_address>
         <run_address>0x12a41</run_address>
         <size>0x156</size>
         <input_file_ref idref="fl-da"/>
      </object_component>
      <object_component id="oc-e2">
         <name>.debug_info</name>
         <load_address>0x12b97</load_address>
         <run_address>0x12b97</run_address>
         <size>0x29e</size>
         <input_file_ref idref="fl-da"/>
      </object_component>
      <object_component id="oc-dc">
         <name>.debug_info</name>
         <load_address>0x12e35</load_address>
         <run_address>0x12e35</run_address>
         <size>0x286</size>
         <input_file_ref idref="fl-da"/>
      </object_component>
      <object_component id="oc-ca">
         <name>.debug_info</name>
         <load_address>0x130bb</load_address>
         <run_address>0x130bb</run_address>
         <size>0x2e4</size>
         <input_file_ref idref="fl-da"/>
      </object_component>
      <object_component id="oc-fa">
         <name>.debug_info</name>
         <load_address>0x1339f</load_address>
         <run_address>0x1339f</run_address>
         <size>0x2be</size>
         <input_file_ref idref="fl-da"/>
      </object_component>
      <object_component id="oc-215">
         <name>.debug_info</name>
         <load_address>0x1365d</load_address>
         <run_address>0x1365d</run_address>
         <size>0x51</size>
         <input_file_ref idref="fl-da"/>
      </object_component>
      <object_component id="oc-2ff">
         <name>.debug_info</name>
         <load_address>0x136ae</load_address>
         <run_address>0x136ae</run_address>
         <size>0x3c7</size>
         <input_file_ref idref="fl-db"/>
      </object_component>
      <object_component id="oc-2d8">
         <name>.debug_info</name>
         <load_address>0x13a75</load_address>
         <run_address>0x13a75</run_address>
         <size>0x293</size>
         <input_file_ref idref="fl-db"/>
      </object_component>
      <object_component id="oc-2d1">
         <name>.debug_info</name>
         <load_address>0x13d08</load_address>
         <run_address>0x13d08</run_address>
         <size>0x288</size>
         <input_file_ref idref="fl-db"/>
      </object_component>
      <object_component id="oc-2cb">
         <name>.debug_info</name>
         <load_address>0x13f90</load_address>
         <run_address>0x13f90</run_address>
         <size>0x295</size>
         <input_file_ref idref="fl-db"/>
      </object_component>
      <object_component id="oc-339">
         <name>.debug_info</name>
         <load_address>0x14225</load_address>
         <run_address>0x14225</run_address>
         <size>0xbd</size>
      </object_component>
      <object_component id="oc-16f">
         <name>.debug_line</name>
         <load_address>0x0</load_address>
         <run_address>0x0</run_address>
         <size>0x8e</size>
         <input_file_ref idref="fl-2"/>
      </object_component>
      <object_component id="oc-73">
         <name>.debug_line</name>
         <load_address>0x8e</load_address>
         <run_address>0x8e</run_address>
         <size>0x6f</size>
         <input_file_ref idref="fl-2"/>
      </object_component>
      <object_component id="oc-b5">
         <name>.debug_line</name>
         <load_address>0xfd</load_address>
         <run_address>0xfd</run_address>
         <size>0x20</size>
         <input_file_ref idref="fl-2"/>
      </object_component>
      <object_component id="oc-b0">
         <name>.debug_line</name>
         <load_address>0x11d</load_address>
         <run_address>0x11d</run_address>
         <size>0x73</size>
         <input_file_ref idref="fl-2"/>
      </object_component>
      <object_component id="oc-78">
         <name>.debug_line</name>
         <load_address>0x190</load_address>
         <run_address>0x190</run_address>
         <size>0x70</size>
         <input_file_ref idref="fl-2"/>
      </object_component>
      <object_component id="oc-29c">
         <name>.debug_line</name>
         <load_address>0x200</load_address>
         <run_address>0x200</run_address>
         <size>0x55</size>
         <input_file_ref idref="fl-3"/>
      </object_component>
      <object_component id="oc-10c">
         <name>.debug_line</name>
         <load_address>0x255</load_address>
         <run_address>0x255</run_address>
         <size>0x11b</size>
         <input_file_ref idref="fl-3"/>
      </object_component>
      <object_component id="oc-1e3">
         <name>.debug_line</name>
         <load_address>0x370</load_address>
         <run_address>0x370</run_address>
         <size>0x133</size>
         <input_file_ref idref="fl-4"/>
      </object_component>
      <object_component id="oc-9c">
         <name>.debug_line</name>
         <load_address>0x4a3</load_address>
         <run_address>0x4a3</run_address>
         <size>0x167</size>
         <input_file_ref idref="fl-4"/>
      </object_component>
      <object_component id="oc-12e">
         <name>.debug_line</name>
         <load_address>0x60a</load_address>
         <run_address>0x60a</run_address>
         <size>0x31</size>
         <input_file_ref idref="fl-4"/>
      </object_component>
      <object_component id="oc-1ec">
         <name>.debug_line</name>
         <load_address>0x63b</load_address>
         <run_address>0x63b</run_address>
         <size>0x6b</size>
         <input_file_ref idref="fl-4"/>
      </object_component>
      <object_component id="oc-1a0">
         <name>.debug_line</name>
         <load_address>0x6a6</load_address>
         <run_address>0x6a6</run_address>
         <size>0x6b</size>
         <input_file_ref idref="fl-4"/>
      </object_component>
      <object_component id="oc-1e7">
         <name>.debug_line</name>
         <load_address>0x711</load_address>
         <run_address>0x711</run_address>
         <size>0x72</size>
         <input_file_ref idref="fl-4"/>
      </object_component>
      <object_component id="oc-6f">
         <name>.debug_line</name>
         <load_address>0x783</load_address>
         <run_address>0x783</run_address>
         <size>0x41</size>
         <input_file_ref idref="fl-5"/>
      </object_component>
      <object_component id="oc-2e">
         <name>.debug_line</name>
         <load_address>0x7c4</load_address>
         <run_address>0x7c4</run_address>
         <size>0x41</size>
         <input_file_ref idref="fl-5"/>
      </object_component>
      <object_component id="oc-28">
         <name>.debug_line</name>
         <load_address>0x805</load_address>
         <run_address>0x805</run_address>
         <size>0xa1</size>
         <input_file_ref idref="fl-5"/>
      </object_component>
      <object_component id="oc-39">
         <name>.debug_line</name>
         <load_address>0x8a6</load_address>
         <run_address>0x8a6</run_address>
         <size>0x20</size>
         <input_file_ref idref="fl-5"/>
      </object_component>
      <object_component id="oc-28b">
         <name>.debug_line</name>
         <load_address>0x8c6</load_address>
         <run_address>0x8c6</run_address>
         <size>0x20</size>
         <input_file_ref idref="fl-6"/>
      </object_component>
      <object_component id="oc-283">
         <name>.debug_line</name>
         <load_address>0x8e6</load_address>
         <run_address>0x8e6</run_address>
         <size>0x55</size>
         <input_file_ref idref="fl-6"/>
      </object_component>
      <object_component id="oc-285">
         <name>.debug_line</name>
         <load_address>0x93b</load_address>
         <run_address>0x93b</run_address>
         <size>0x55</size>
         <input_file_ref idref="fl-6"/>
      </object_component>
      <object_component id="oc-287">
         <name>.debug_line</name>
         <load_address>0x990</load_address>
         <run_address>0x990</run_address>
         <size>0x55</size>
         <input_file_ref idref="fl-6"/>
      </object_component>
      <object_component id="oc-289">
         <name>.debug_line</name>
         <load_address>0x9e5</load_address>
         <run_address>0x9e5</run_address>
         <size>0x55</size>
         <input_file_ref idref="fl-6"/>
      </object_component>
      <object_component id="oc-d9">
         <name>.debug_line</name>
         <load_address>0xa3a</load_address>
         <run_address>0xa3a</run_address>
         <size>0x642</size>
         <input_file_ref idref="fl-6"/>
      </object_component>
      <object_component id="oc-19b">
         <name>.debug_line</name>
         <load_address>0x107c</load_address>
         <run_address>0x107c</run_address>
         <size>0x69</size>
         <input_file_ref idref="fl-6"/>
      </object_component>
      <object_component id="oc-27a">
         <name>.debug_line</name>
         <load_address>0x10e5</load_address>
         <run_address>0x10e5</run_address>
         <size>0x12a</size>
         <input_file_ref idref="fl-7"/>
      </object_component>
      <object_component id="oc-d2">
         <name>.debug_line</name>
         <load_address>0x120f</load_address>
         <run_address>0x120f</run_address>
         <size>0xbb</size>
         <input_file_ref idref="fl-7"/>
      </object_component>
      <object_component id="oc-305">
         <name>.debug_line</name>
         <load_address>0x12ca</load_address>
         <run_address>0x12ca</run_address>
         <size>0x20</size>
         <input_file_ref idref="fl-8"/>
      </object_component>
      <object_component id="oc-2e7">
         <name>.debug_line</name>
         <load_address>0x12ea</load_address>
         <run_address>0x12ea</run_address>
         <size>0x86</size>
         <input_file_ref idref="fl-8"/>
      </object_component>
      <object_component id="oc-307">
         <name>.debug_line</name>
         <load_address>0x1370</load_address>
         <run_address>0x1370</run_address>
         <size>0x20</size>
         <input_file_ref idref="fl-9"/>
      </object_component>
      <object_component id="oc-2ea">
         <name>.debug_line</name>
         <load_address>0x1390</load_address>
         <run_address>0x1390</run_address>
         <size>0x85</size>
         <input_file_ref idref="fl-9"/>
      </object_component>
      <object_component id="oc-2c9">
         <name>.debug_line</name>
         <load_address>0x1415</load_address>
         <run_address>0x1415</run_address>
         <size>0x263</size>
         <input_file_ref idref="fl-a"/>
      </object_component>
      <object_component id="oc-182">
         <name>.debug_line</name>
         <load_address>0x1678</load_address>
         <run_address>0x1678</run_address>
         <size>0x1f5</size>
         <input_file_ref idref="fl-a"/>
      </object_component>
      <object_component id="oc-2c7">
         <name>.debug_line</name>
         <load_address>0x186d</load_address>
         <run_address>0x186d</run_address>
         <size>0x15d</size>
         <input_file_ref idref="fl-b"/>
      </object_component>
      <object_component id="oc-17b">
         <name>.debug_line</name>
         <load_address>0x19ca</load_address>
         <run_address>0x19ca</run_address>
         <size>0x1d0</size>
         <input_file_ref idref="fl-b"/>
      </object_component>
      <object_component id="oc-2fd">
         <name>.debug_line</name>
         <load_address>0x1b9a</load_address>
         <run_address>0x1b9a</run_address>
         <size>0x8b</size>
         <input_file_ref idref="fl-c"/>
      </object_component>
      <object_component id="oc-227">
         <name>.debug_line</name>
         <load_address>0x1c25</load_address>
         <run_address>0x1c25</run_address>
         <size>0x52a</size>
         <input_file_ref idref="fl-c"/>
      </object_component>
      <object_component id="oc-23a">
         <name>.debug_line</name>
         <load_address>0x214f</load_address>
         <run_address>0x214f</run_address>
         <size>0xc6</size>
         <input_file_ref idref="fl-d"/>
      </object_component>
      <object_component id="oc-90">
         <name>.debug_line</name>
         <load_address>0x2215</load_address>
         <run_address>0x2215</run_address>
         <size>0x79</size>
         <input_file_ref idref="fl-c8"/>
      </object_component>
      <object_component id="oc-189">
         <name>.debug_line</name>
         <load_address>0x228e</load_address>
         <run_address>0x228e</run_address>
         <size>0x5b</size>
         <input_file_ref idref="fl-c9"/>
      </object_component>
      <object_component id="oc-c5">
         <name>.debug_line</name>
         <load_address>0x22e9</load_address>
         <run_address>0x22e9</run_address>
         <size>0x92</size>
         <input_file_ref idref="fl-ca"/>
      </object_component>
      <object_component id="oc-4c">
         <name>.debug_line</name>
         <load_address>0x237b</load_address>
         <run_address>0x237b</run_address>
         <size>0x56</size>
         <input_file_ref idref="fl-ca"/>
      </object_component>
      <object_component id="oc-8c">
         <name>.debug_line</name>
         <load_address>0x23d1</load_address>
         <run_address>0x23d1</run_address>
         <size>0x34</size>
         <input_file_ref idref="fl-ca"/>
      </object_component>
      <object_component id="oc-c2">
         <name>.debug_line</name>
         <load_address>0x2405</load_address>
         <run_address>0x2405</run_address>
         <size>0x92</size>
         <input_file_ref idref="fl-ca"/>
      </object_component>
      <object_component id="oc-87">
         <name>.debug_line</name>
         <load_address>0x2497</load_address>
         <run_address>0x2497</run_address>
         <size>0x20</size>
         <input_file_ref idref="fl-cb"/>
      </object_component>
      <object_component id="oc-1c">
         <name>.debug_line</name>
         <load_address>0x24b7</load_address>
         <run_address>0x24b7</run_address>
         <size>0x55</size>
         <input_file_ref idref="fl-cb"/>
      </object_component>
      <object_component id="oc-44">
         <name>.debug_line</name>
         <load_address>0x250c</load_address>
         <run_address>0x250c</run_address>
         <size>0x3a</size>
         <input_file_ref idref="fl-cb"/>
      </object_component>
      <object_component id="oc-84">
         <name>.debug_line</name>
         <load_address>0x2546</load_address>
         <run_address>0x2546</run_address>
         <size>0x92</size>
         <input_file_ref idref="fl-cb"/>
      </object_component>
      <object_component id="oc-be">
         <name>.debug_line</name>
         <load_address>0x25d8</load_address>
         <run_address>0x25d8</run_address>
         <size>0x20</size>
         <input_file_ref idref="fl-cc"/>
      </object_component>
      <object_component id="oc-17">
         <name>.debug_line</name>
         <load_address>0x25f8</load_address>
         <run_address>0x25f8</run_address>
         <size>0xa9</size>
         <input_file_ref idref="fl-cc"/>
      </object_component>
      <object_component id="oc-34">
         <name>.debug_line</name>
         <load_address>0x26a1</load_address>
         <run_address>0x26a1</run_address>
         <size>0x3a</size>
         <input_file_ref idref="fl-cc"/>
      </object_component>
      <object_component id="oc-bb">
         <name>.debug_line</name>
         <load_address>0x26db</load_address>
         <run_address>0x26db</run_address>
         <size>0x9a</size>
         <input_file_ref idref="fl-cc"/>
      </object_component>
      <object_component id="oc-7d">
         <name>.debug_line</name>
         <load_address>0x2775</load_address>
         <run_address>0x2775</run_address>
         <size>0x96</size>
         <input_file_ref idref="fl-cc"/>
      </object_component>
      <object_component id="oc-6c">
         <name>.debug_line</name>
         <load_address>0x280b</load_address>
         <run_address>0x280b</run_address>
         <size>0x33</size>
         <input_file_ref idref="fl-cd"/>
      </object_component>
      <object_component id="oc-5e">
         <name>.debug_line</name>
         <load_address>0x283e</load_address>
         <run_address>0x283e</run_address>
         <size>0x45</size>
         <input_file_ref idref="fl-cd"/>
      </object_component>
      <object_component id="oc-27f">
         <name>.debug_line</name>
         <load_address>0x2883</load_address>
         <run_address>0x2883</run_address>
         <size>0x37</size>
         <input_file_ref idref="fl-ce"/>
      </object_component>
      <object_component id="oc-3f">
         <name>.debug_line</name>
         <load_address>0x28ba</load_address>
         <run_address>0x28ba</run_address>
         <size>0x88</size>
         <input_file_ref idref="fl-cf"/>
      </object_component>
      <object_component id="oc-2ac">
         <name>.debug_line</name>
         <load_address>0x2942</load_address>
         <run_address>0x2942</run_address>
         <size>0xbf</size>
         <input_file_ref idref="fl-d0"/>
      </object_component>
      <object_component id="oc-141">
         <name>.debug_line</name>
         <load_address>0x2a01</load_address>
         <run_address>0x2a01</run_address>
         <size>0x6f</size>
         <input_file_ref idref="fl-d0"/>
      </object_component>
      <object_component id="oc-2b0">
         <name>.debug_line</name>
         <load_address>0x2a70</load_address>
         <run_address>0x2a70</run_address>
         <size>0x2e</size>
         <input_file_ref idref="fl-d0"/>
      </object_component>
      <object_component id="oc-2f3">
         <name>.debug_line</name>
         <load_address>0x2a9e</load_address>
         <run_address>0x2a9e</run_address>
         <size>0x9a</size>
         <input_file_ref idref="fl-d0"/>
      </object_component>
      <object_component id="oc-2b5">
         <name>.debug_line</name>
         <load_address>0x2b38</load_address>
         <run_address>0x2b38</run_address>
         <size>0x97</size>
         <input_file_ref idref="fl-d0"/>
      </object_component>
      <object_component id="oc-2ba">
         <name>.debug_line</name>
         <load_address>0x2bcf</load_address>
         <run_address>0x2bcf</run_address>
         <size>0x93</size>
         <input_file_ref idref="fl-d0"/>
      </object_component>
      <object_component id="oc-96">
         <name>.debug_line</name>
         <load_address>0x2c62</load_address>
         <run_address>0x2c62</run_address>
         <size>0x40</size>
         <input_file_ref idref="fl-d1"/>
      </object_component>
      <object_component id="oc-131">
         <name>.debug_line</name>
         <load_address>0x2ca2</load_address>
         <run_address>0x2ca2</run_address>
         <size>0x3c</size>
         <input_file_ref idref="fl-d3"/>
      </object_component>
      <object_component id="oc-28d">
         <name>.debug_line</name>
         <load_address>0x2cde</load_address>
         <run_address>0x2cde</run_address>
         <size>0x82</size>
         <input_file_ref idref="fl-d6"/>
      </object_component>
      <object_component id="oc-28f">
         <name>.debug_line</name>
         <load_address>0x2d60</load_address>
         <run_address>0x2d60</run_address>
         <size>0x7d</size>
         <input_file_ref idref="fl-d6"/>
      </object_component>
      <object_component id="oc-11d">
         <name>.debug_line</name>
         <load_address>0x2ddd</load_address>
         <run_address>0x2ddd</run_address>
         <size>0x92</size>
         <input_file_ref idref="fl-d6"/>
      </object_component>
      <object_component id="oc-117">
         <name>.debug_line</name>
         <load_address>0x2e6f</load_address>
         <run_address>0x2e6f</run_address>
         <size>0x95</size>
         <input_file_ref idref="fl-d6"/>
      </object_component>
      <object_component id="oc-111">
         <name>.debug_line</name>
         <load_address>0x2f04</load_address>
         <run_address>0x2f04</run_address>
         <size>0xc4</size>
         <input_file_ref idref="fl-d6"/>
      </object_component>
      <object_component id="oc-23f">
         <name>.debug_line</name>
         <load_address>0x2fc8</load_address>
         <run_address>0x2fc8</run_address>
         <size>0x99</size>
         <input_file_ref idref="fl-d6"/>
      </object_component>
      <object_component id="oc-f0">
         <name>.debug_line</name>
         <load_address>0x3061</load_address>
         <run_address>0x3061</run_address>
         <size>0x99</size>
         <input_file_ref idref="fl-d6"/>
      </object_component>
      <object_component id="oc-e7">
         <name>.debug_line</name>
         <load_address>0x30fa</load_address>
         <run_address>0x30fa</run_address>
         <size>0x99</size>
         <input_file_ref idref="fl-d6"/>
      </object_component>
      <object_component id="oc-257">
         <name>.debug_line</name>
         <load_address>0x3193</load_address>
         <run_address>0x3193</run_address>
         <size>0x99</size>
         <input_file_ref idref="fl-d6"/>
      </object_component>
      <object_component id="oc-105">
         <name>.debug_line</name>
         <load_address>0x322c</load_address>
         <run_address>0x322c</run_address>
         <size>0x99</size>
         <input_file_ref idref="fl-d6"/>
      </object_component>
      <object_component id="oc-128">
         <name>.debug_line</name>
         <load_address>0x32c5</load_address>
         <run_address>0x32c5</run_address>
         <size>0x92</size>
         <input_file_ref idref="fl-d6"/>
      </object_component>
      <object_component id="oc-f7">
         <name>.debug_line</name>
         <load_address>0x3357</load_address>
         <run_address>0x3357</run_address>
         <size>0xa7</size>
         <input_file_ref idref="fl-d6"/>
      </object_component>
      <object_component id="oc-221">
         <name>.debug_line</name>
         <load_address>0x33fe</load_address>
         <run_address>0x33fe</run_address>
         <size>0x71</size>
         <input_file_ref idref="fl-d6"/>
      </object_component>
      <object_component id="oc-211">
         <name>.debug_line</name>
         <load_address>0x346f</load_address>
         <run_address>0x346f</run_address>
         <size>0x75</size>
         <input_file_ref idref="fl-d6"/>
      </object_component>
      <object_component id="oc-21c">
         <name>.debug_line</name>
         <load_address>0x34e4</load_address>
         <run_address>0x34e4</run_address>
         <size>0x71</size>
         <input_file_ref idref="fl-d6"/>
      </object_component>
      <object_component id="oc-174">
         <name>.debug_line</name>
         <load_address>0x3555</load_address>
         <run_address>0x3555</run_address>
         <size>0x72</size>
         <input_file_ref idref="fl-d6"/>
      </object_component>
      <object_component id="oc-294">
         <name>.debug_line</name>
         <load_address>0x35c7</load_address>
         <run_address>0x35c7</run_address>
         <size>0x82</size>
         <input_file_ref idref="fl-d7"/>
      </object_component>
      <object_component id="oc-1b9">
         <name>.debug_line</name>
         <load_address>0x3649</load_address>
         <run_address>0x3649</run_address>
         <size>0x91</size>
         <input_file_ref idref="fl-d7"/>
      </object_component>
      <object_component id="oc-1b0">
         <name>.debug_line</name>
         <load_address>0x36da</load_address>
         <run_address>0x36da</run_address>
         <size>0x91</size>
         <input_file_ref idref="fl-d7"/>
      </object_component>
      <object_component id="oc-ff">
         <name>.debug_line</name>
         <load_address>0x376b</load_address>
         <run_address>0x376b</run_address>
         <size>0x9b</size>
         <input_file_ref idref="fl-d7"/>
      </object_component>
      <object_component id="oc-1bf">
         <name>.debug_line</name>
         <load_address>0x3806</load_address>
         <run_address>0x3806</run_address>
         <size>0x91</size>
         <input_file_ref idref="fl-d7"/>
      </object_component>
      <object_component id="oc-1d1">
         <name>.debug_line</name>
         <load_address>0x3897</load_address>
         <run_address>0x3897</run_address>
         <size>0x91</size>
         <input_file_ref idref="fl-d7"/>
      </object_component>
      <object_component id="oc-1c5">
         <name>.debug_line</name>
         <load_address>0x3928</load_address>
         <run_address>0x3928</run_address>
         <size>0x91</size>
         <input_file_ref idref="fl-d7"/>
      </object_component>
      <object_component id="oc-1cb">
         <name>.debug_line</name>
         <load_address>0x39b9</load_address>
         <run_address>0x39b9</run_address>
         <size>0x91</size>
         <input_file_ref idref="fl-d7"/>
      </object_component>
      <object_component id="oc-1d7">
         <name>.debug_line</name>
         <load_address>0x3a4a</load_address>
         <run_address>0x3a4a</run_address>
         <size>0x91</size>
         <input_file_ref idref="fl-d7"/>
      </object_component>
      <object_component id="oc-303">
         <name>.debug_line</name>
         <load_address>0x3adb</load_address>
         <run_address>0x3adb</run_address>
         <size>0x82</size>
         <input_file_ref idref="fl-d9"/>
      </object_component>
      <object_component id="oc-251">
         <name>.debug_line</name>
         <load_address>0x3b5d</load_address>
         <run_address>0x3b5d</run_address>
         <size>0x91</size>
         <input_file_ref idref="fl-d9"/>
[...]
      </symbol>
      <symbol id="sm-1da">
         <name>usrand</name>
         <value>0xeb9</value>
         <object_component_ref idref="oc-d4"/>
      </symbol>
      <symbol id="sm-1db">
         <name>ustrncmp</name>
         <value>0xe45</value>
         <object_component_ref idref="oc-d4"/>
      </symbol>
      <symbol id="sm-1dc">
         <name>urand</name>
         <value>0xec9</value>
         <object_component_ref idref="oc-d4"/>
      </symbol>
      <symbol id="sm-1ed">
         <name>OLEDInitialise</name>
         <value>0x2afb</value>
         <object_component_ref idref="oc-ce"/>
      </symbol>
      <symbol id="sm-1ee">
         <name>OLEDStringDraw</name>
         <value>0x2ad5</value>
         <object_component_ref idref="oc-ce"/>
      </symbol>
      <symbol id="sm-1f9">
         <name>rgbOledFont0</name>
         <value>0x2da4</value>
         <object_component_ref idref="oc-26e"/>
      </symbol>
      <symbol id="sm-204">
         <name>rgbFillPat</name>
         <value>0x31a0</value>
         <object_component_ref idref="oc-274"/>
      </symbol>
      <symbol id="sm-23d">
         <name>xcoOledCur</name>
         <value>0x20000330</value>
      </symbol>
      <symbol id="sm-23e">
         <name>ycoOledCur</name>
         <value>0x2000033c</value>
      </symbol>
      <symbol id="sm-23f">
         <name>pbOledCur</name>
         <value>0x20000314</value>
      </symbol>
      <symbol id="sm-240">
         <name>bnOledCur</name>
         <value>0x20000300</value>
      </symbol>
      <symbol id="sm-241">
         <name>clrOledCur</name>
         <value>0x20000340</value>
      </symbol>
      <symbol id="sm-242">
         <name>pbOledPatCur</name>
         <value>0x20000320</value>
      </symbol>
      <symbol id="sm-243">
         <name>fOledCharUpdate</name>
         <value>0x2000030c</value>
      </symbol>
      <symbol id="sm-244">
         <name>dxcoOledFontCur</name>
         <value>0x20000304</value>
      </symbol>
      <symbol id="sm-245">
         <name>dycoOledFontCur</name>
         <value>0x20000308</value>
      </symbol>
      <symbol id="sm-246">
         <name>pbOledFontCur</name>
         <value>0x20000318</value>
      </symbol>
      <symbol id="sm-247">
         <name>pbOledFontUser</name>
         <value>0x2000031c</value>
      </symbol>
      <symbol id="sm-248">
         <name>rgbOledBmp</name>
         <value>0x20000000</value>
      </symbol>
      <symbol id="sm-249">
         <name>OrbitOledDvrInit</name>
         <value>0x1d93</value>
         <object_component_ref idref="oc-17d"/>
      </symbol>
      <symbol id="sm-24a">
         <name>OrbitOledUpdate</name>
         <value>0x1ecd</value>
         <object_component_ref idref="oc-17d"/>
      </symbol>
      <symbol id="sm-24b">
         <name>OrbitOledClear</name>
         <value>0x1e91</value>
         <object_component_ref idref="oc-17d"/>
      </symbol>
      <symbol id="sm-24c">
         <name>OrbitOledPutBuffer</name>
         <value>0x1f27</value>
         <object_component_ref idref="oc-17d"/>
      </symbol>
      <symbol id="sm-24d">
         <name>OrbitOledDevInit</name>
         <value>0x1e0d</value>
         <object_component_ref idref="oc-17d"/>
      </symbol>
      <symbol id="sm-24e">
         <name>OrbitOledClearBuffer</name>
         <value>0x1e9d</value>
         <object_component_ref idref="oc-17d"/>
      </symbol>
      <symbol id="sm-24f">
         <name>OrbitOledHostInit</name>
         <value>0x1cc9</value>
         <object_component_ref idref="oc-17d"/>
      </symbol>
      <symbol id="sm-250">
         <name>OrbitOledInit</name>
         <value>0x1cb5</value>
         <object_component_ref idref="oc-17d"/>
      </symbol>
      <symbol id="sm-251">
         <name>Ssi3PutByte</name>
         <value>0x1f8d</value>
         <object_component_ref idref="oc-17d"/>
      </symbol>
      <symbol id="sm-284">
         <name>xchOledCur</name>
         <value>0x20000328</value>
      </symbol>
      <symbol id="sm-285">
         <name>ychOledCur</name>
         <value>0x20000334</value>
      </symbol>
      <symbol id="sm-286">
         <name>xchOledMax</name>
         <value>0x2000032c</value>
      </symbol>
      <symbol id="sm-287">
         <name>ychOledMax</name>
         <value>0x20000338</value>
      </symbol>
      <symbol id="sm-288">
         <name>rgbOledFontUser</name>
         <value>0x20000200</value>
      </symbol>
      <symbol id="sm-289">
         <name>OrbitOledPutString</name>
         <value>0x2125</value>
         <object_component_ref idref="oc-177"/>
      </symbol>
      <symbol id="sm-28a">
         <name>OrbitOledGetCharUpdate</name>
         <value>0x2101</value>
         <object_component_ref idref="oc-177"/>
      </symbol>
      <symbol id="sm-28b">
         <name>OrbitOledSetCharUpdate</name>
         <value>0x20e9</value>
         <object_component_ref idref="oc-177"/>
      </symbol>
      <symbol id="sm-28c">
         <name>OrbitOledDrawGlyph</name>
         <value>0x2151</value>
         <object_component_ref idref="oc-177"/>
      </symbol>
      <symbol id="sm-28d">
         <name>OrbitOledDefUserChar</name>
         <value>0x2099</value>
         <object_component_ref idref="oc-177"/>
      </symbol>
      <symbol id="sm-28e">
         <name>OrbitOledGetCursor</name>
         <value>0x207d</value>
         <object_component_ref idref="oc-177"/>
      </symbol>
      <symbol id="sm-28f">
         <name>OrbitOledSetCursor</name>
         <value>0x2031</value>
         <object_component_ref idref="oc-177"/>
      </symbol>
      <symbol id="sm-290">
         <name>OrbitOledPutChar</name>
         <value>0x2107</value>
         <object_component_ref idref="oc-177"/>
      </symbol>
      <symbol id="sm-291">
         <name>OrbitOledAdvanceCursor</name>
         <value>0x21c9</value>
         <object_component_ref idref="oc-177"/>
      </symbol>
      <symbol id="sm-32e">
         <name>pfnDoRop</name>
         <value>0x20000324</value>
      </symbol>
      <symbol id="sm-32f">
         <name>modOledCur</name>
         <value>0x20000310</value>
      </symbol>
      <symbol id="sm-330">
         <name>OrbitOledGetPixel</name>
         <value>0x1013</value>
         <object_component_ref idref="oc-223"/>
      </symbol>
      <symbol id="sm-331">
         <name>OrbitOledMoveUp</name>
         <value>0x1741</value>
         <object_component_ref idref="oc-223"/>
      </symbol>
      <symbol id="sm-332">
         <name>OrbitOledMoveTo</name>
         <value>0xef1</value>
         <object_component_ref idref="oc-223"/>
      </symbol>
      <symbol id="sm-333">
         <name>OrbitOledGetDrawMode</name>
         <value>0xfe1</value>
         <object_component_ref idref="oc-223"/>
      </symbol>
      <symbol id="sm-334">
         <name>OrbitOledDrawPixel</name>
         <value>0xfe7</value>
         <object_component_ref idref="oc-223"/>
      </symbol>
      <symbol id="sm-335">
         <name>OrbitOledDrawString</name>
         <value>0x1683</value>
         <object_component_ref idref="oc-223"/>
      </symbol>
      <symbol id="sm-336">
         <name>OrbitOledDrawChar</name>
         <value>0x1623</value>
         <object_component_ref idref="oc-223"/>
      </symbol>
      <symbol id="sm-337">
         <name>OrbitOledMoveDown</name>
         <value>0x1779</value>
         <object_component_ref idref="oc-223"/>
      </symbol>
      <symbol id="sm-338">
         <name>OrbitOledMoveRight</name>
         <value>0x17c7</value>
         <object_component_ref idref="oc-223"/>
      </symbol>
      <symbol id="sm-339">
         <name>OrbitOledFillRect</name>
         <value>0x11b1</value>
         <object_component_ref idref="oc-223"/>
      </symbol>
      <symbol id="sm-33a">
         <name>OrbitOledLineTo</name>
         <value>0x102d</value>
         <object_component_ref idref="oc-223"/>
      </symbol>
      <symbol id="sm-33b">
         <name>OrbitOledGetStdPattern</name>
         <value>0xf6b</value>
         <object_component_ref idref="oc-223"/>
      </symbol>
      <symbol id="sm-33c">
         <name>OrbitOledSetDrawColor</name>
         <value>0xf53</value>
         <object_component_ref idref="oc-223"/>
      </symbol>
      <symbol id="sm-33d">
         <name>OrbitOledDrawRect</name>
         <value>0x112d</value>
         <object_component_ref idref="oc-223"/>
      </symbol>
      <symbol id="sm-33e">
         <name>OrbitOledClampYco</name>
         <value>0x1801</value>
         <object_component_ref idref="oc-223"/>
      </symbol>
      <symbol id="sm-33f">
         <name>OrbitOledGetPos</name>
         <value>0xf37</value>
         <object_component_ref idref="oc-223"/>
      </symbol>
      <symbol id="sm-340">
         <name>OrbitOledRopSet</name>
         <value>0x16a1</value>
         <object_component_ref idref="oc-223"/>
      </symbol>
      <symbol id="sm-341">
         <name>OrbitOledRopXor</name>
         <value>0x1713</value>
         <object_component_ref idref="oc-223"/>
      </symbol>
      <symbol id="sm-342">
         <name>OrbitOledGetBmp</name>
         <value>0x12f5</value>
         <object_component_ref idref="oc-223"/>
      </symbol>
      <symbol id="sm-343">
         <name>OrbitOledMoveLeft</name>
         <value>0x17af</value>
         <object_component_ref idref="oc-223"/>
      </symbol>
      <symbol id="sm-344">
         <name>OrbitOledRopAnd</name>
         <value>0x16ef</value>
         <object_component_ref idref="oc-223"/>
      </symbol>
      <symbol id="sm-345">
         <name>OrbitOledPutBmp</name>
         <value>0x1455</value>
         <object_component_ref idref="oc-223"/>
      </symbol>
      <symbol id="sm-346">
         <name>OrbitOledSetDrawMode</name>
         <value>0xf8d</value>
         <object_component_ref idref="oc-223"/>
      </symbol>
      <symbol id="sm-347">
         <name>OrbitOledClampXco</name>
         <value>0x17e1</value>
         <object_component_ref idref="oc-223"/>
      </symbol>
      <symbol id="sm-348">
         <name>OrbitOledSetFillPattern</name>
         <value>0xf7d</value>
         <object_component_ref idref="oc-223"/>
      </symbol>
      <symbol id="sm-349">
         <name>OrbitOledRopOr</name>
         <value>0x16cb</value>
         <object_component_ref idref="oc-223"/>
      </symbol>
      <symbol id="sm-35b">
         <name>DelayMs</name>
         <value>0x29ab</value>
         <object_component_ref idref="oc-238"/>
      </symbol>
      <symbol id="sm-35c">
         <name>DelayInit</name>
         <value>0x2991</value>
         <object_component_ref idref="oc-238"/>
      </symbol>
      <symbol id="sm-36b">
         <name>__aeabi_memset</name>
         <value>0x284f</value>
         <object_component_ref idref="oc-8f"/>
      </symbol>
      <symbol id="sm-36c">
         <name>memset</name>
         <value>0x2855</value>
         <object_component_ref idref="oc-8f"/>
      </symbol>
      <symbol id="sm-36d">
         <name>__aeabi_memset8</name>
         <value>0x284f</value>
         <object_component_ref idref="oc-8f"/>
      </symbol>
      <symbol id="sm-36e">
         <name>__aeabi_memset4</name>
         <value>0x284f</value>
         <object_component_ref idref="oc-8f"/>
      </symbol>
      <symbol id="sm-36f">
         <name>__aeabi_memclr8</name>
         <value>0x284d</value>
         <object_component_ref idref="oc-8f"/>
      </symbol>
      <symbol id="sm-370">
         <name>__aeabi_memclr4</name>
         <value>0x284d</value>
         <object_component_ref idref="oc-8f"/>
      </symbol>
      <symbol id="sm-371">
         <name>__aeabi_memclr</name>
         <value>0x284d</value>
         <object_component_ref idref="oc-8f"/>
      </symbol>
      <symbol id="sm-380">
         <name>__aeabi_uidivmod</name>
         <value>0x2b5d</value>
         <object_component_ref idref="oc-185"/>
      </symbol>
      <symbol id="sm-381">
         <name>__aeabi_uidiv</name>
         <value>0x2b5d</value>
         <object_component_ref idref="oc-185"/>
      </symbol>
      <symbol id="sm-39a">
         <name>__TI_zero_init_nomemset</name>
         <value>0x2c6d</value>
         <object_component_ref idref="oc-47"/>
      </symbol>
      <symbol id="sm-3b1">
         <name>__TI_decompress_none</name>
         <value>0x2d09</value>
         <object_component_ref idref="oc-1b"/>
      </symbol>
      <symbol id="sm-3d4">
         <name>__TI_decompress_lzss</name>
         <value>0x28c7</value>
         <object_component_ref idref="oc-15"/>
      </symbol>
      <symbol id="sm-3e7">
         <name>__stack</name>
         <value>0x20000348</value>
         <object_component_ref idref="oc-24"/>
      </symbol>
      <symbol id="sm-3e8">
         <name>_c_int00_noargs</name>
         <value>0x2c0d</value>
         <object_component_ref idref="oc-59"/>
      </symbol>
      <symbol id="sm-3f2">
         <name>__aeabi_idiv0</name>
         <value>0x292f</value>
         <object_component_ref idref="oc-27b"/>
      </symbol>
      <symbol id="sm-3f3">
         <name>__aeabi_ldiv0</name>
         <value>0x292f</value>
         <object_component_ref idref="oc-27b"/>
      </symbol>
      <symbol id="sm-40e">
         <name>memcpy</name>
         <value>0x27b1</value>
         <object_component_ref idref="oc-3b"/>
      </symbol>
      <symbol id="sm-40f">
         <name>__aeabi_memcpy</name>
         <value>0x27b1</value>
         <object_component_ref idref="oc-3b"/>
      </symbol>
      <symbol id="sm-410">
         <name>__aeabi_memcpy8</name>
         <value>0x27b1</value>
         <object_component_ref idref="oc-3b"/>
      </symbol>
      <symbol id="sm-411">
         <name>__aeabi_memcpy4</name>
         <value>0x27b1</value>
         <object_component_ref idref="oc-3b"/>
      </symbol>
      <symbol id="sm-439">
         <name>__TI_auto_init_nobinit_nopinit</name>
         <value>0x2b19</value>
         <object_component_ref idref="oc-13c"/>
      </symbol>
      <symbol id="sm-443">
         <name>_system_pre_init</name>
         <value>0x2d9b</value>
         <object_component_ref idref="oc-95"/>
      </symbol>
      <symbol id="sm-44f">
         <name>C$$EXIT</name>
         <value>0x2d9f</value>
         <object_component_ref idref="oc-130"/>
      </symbol>
      <symbol id="sm-450">
         <name>abort</name>
         <value>0x2d9f</value>
         <object_component_ref idref="oc-130"/>
      </symbol>
      <symbol id="sm-4d0">
         <name>GPIOPinConfigure</name>
         <value>0x2a3d</value>
         <object_component_ref idref="oc-f2"/>
      </symbol>
      <symbol id="sm-4d1">
         <name>GPIOPinTypeI2CSCL</name>
         <value>0x2ccf</value>
         <object_component_ref idref="oc-ec"/>
      </symbol>
      <symbol id="sm-4d2">
         <name>GPIOPinTypeI2C</name>
         <value>0x2cb9</value>
         <object_component_ref idref="oc-e6"/>
      </symbol>
      <symbol id="sm-4d3">
         <name>GPIOPinTypeGPIOInput</name>
         <value>0x2ca3</value>
         <object_component_ref idref="oc-104"/>
      </symbol>
      <symbol id="sm-4d4">
         <name>GPIOPinTypeGPIOOutput</name>
         <value>0x2c89</value>
         <object_component_ref idref="oc-256"/>
      </symbol>
      <symbol id="sm-4d5">
         <name>GPIOPinRead</name>
         <value>0x2d77</value>
         <object_component_ref idref="oc-123"/>
      </symbol>
      <symbol id="sm-4d6">
         <name>GPIODirModeSet</name>
         <value>0x2c41</value>
         <object_component_ref idref="oc-116"/>
      </symbol>
      <symbol id="sm-4d7">
         <name>GPIOPinWrite</name>
         <value>0x2d7d</value>
         <object_component_ref idref="oc-11c"/>
      </symbol>
      <symbol id="sm-4d8">
         <name>GPIOPadConfigSet</name>
         <value>0x2439</value>
         <object_component_ref idref="oc-110"/>
      </symbol>
      <symbol id="sm-4d9">
         <name>GPIOPinTypeSSI</name>
         <value>0x2ce5</value>
         <object_component_ref idref="oc-23e"/>
      </symbol>
      <symbol id="sm-523">
         <name>I2CMasterBusBusy</name>
         <value>0x2d57</value>
         <object_component_ref idref="oc-1d6"/>
      </symbol>
      <symbol id="sm-524">
         <name>I2CMasterDataPut</name>
         <value>0x2d97</value>
         <object_component_ref idref="oc-1be"/>
      </symbol>
      <symbol id="sm-525">
         <name>I2CMasterInitExpClk</name>
         <value>0x2a89</value>
         <object_component_ref idref="oc-fe"/>
      </symbol>
      <symbol id="sm-526">
         <name>I2CMasterSlaveAddrSet</name>
         <value>0x2d67</value>
         <object_component_ref idref="oc-1b8"/>
      </symbol>
      <symbol id="sm-527">
         <name>I2CMasterDataGet</name>
         <value>0x2d93</value>
         <object_component_ref idref="oc-1d0"/>
      </symbol>
      <symbol id="sm-528">
         <name>I2CMasterControl</name>
         <value>0x2d8f</value>
         <object_component_ref idref="oc-1c4"/>
      </symbol>
      <symbol id="sm-529">
         <name>I2CMasterBusy</name>
         <value>0x2d5f</value>
         <object_component_ref idref="oc-1ca"/>
      </symbol>
      <symbol id="sm-52a">
         <name>I2CMasterEnable</name>
         <value>0x2d2f</value>
         <object_component_ref idref="oc-1af"/>
      </symbol>
      <symbol id="sm-563">
         <name>SSIDataPut</name>
         <value>0x2d39</value>
         <object_component_ref idref="oc-262"/>
      </symbol>
      <symbol id="sm-564">
         <name>SSIDataGet</name>
         <value>0x2d17</value>
         <object_component_ref idref="oc-268"/>
      </symbol>
      <symbol id="sm-565">
         <name>SSIConfigSetExpClk</name>
         <value>0x2b9d</value>
         <object_component_ref idref="oc-24a"/>
      </symbol>
      <symbol id="sm-566">
         <name>SSIEnable</name>
         <value>0x2d43</value>
         <object_component_ref idref="oc-250"/>
      </symbol>
      <symbol id="sm-567">
         <name>SSIClockSourceSet</name>
         <value>0x2d83</value>
         <object_component_ref idref="oc-244"/>
      </symbol>
      <symbol id="sm-568">
         <name>SSIBusy</name>
         <value>0x2d6f</value>
         <object_component_ref idref="oc-25c"/>
      </symbol>
      <symbol id="sm-5c7">
         <name>SysCtlClockSet</name>
         <value>0x26bd</value>
         <object_component_ref idref="oc-c8"/>
      </symbol>
      <symbol id="sm-5c8">
         <name>SysCtlDelay</name>
         <value>0x2d89</value>
         <object_component_ref idref="oc-122"/>
      </symbol>
      <symbol id="sm-5c9">
         <name>SysCtlPeripheralEnable</name>
         <value>0x2bd9</value>
         <object_component_ref idref="oc-da"/>
      </symbol>
      <symbol id="sm-5ca">
         <name>SysCtlClockGet</name>
         <value>0x25a5</value>
         <object_component_ref idref="oc-f8"/>
      </symbol>
      <symbol id="sm-5cb">
         <name>SysCtlPeripheralReset</name>
         <value>0x29ed</value>
         <object_component_ref idref="oc-e0"/>
      </symbol>
      <symbol id="sm-5ef">
         <name>TimerEnable</name>
         <value>0x2cfb</value>
         <object_component_ref idref="oc-2d0"/>
      </symbol>
      <symbol id="sm-5f0">
         <name>TimerValueGet</name>
         <value>0x2d4d</value>
         <object_component_ref idref="oc-2d6"/>
      </symbol>
      <symbol id="sm-5f1">
         <name>TimerConfigure</name>
         <value>0x2931</value>
         <object_component_ref idref="oc-2ca"/>
      </symbol>
      <symbol id="sm-5f3">
         <name>__TI_static_base__</name>
         <value>0x0</value>
      </symbol>
      <symbol id="sm-5f6">
         <name>__mpu_init</name>
         <value>0x0</value>
      </symbol>
      <symbol id="sm-5f7">
         <name>_system_post_cinit</name>
         <value>0x0</value>
      </symbol>
   </symbol_table>
   <title>Link successful</title>
</link_info>
