<?xml version="1.0" encoding="ISO-8859-1" ?>
<link_info>
   <banner>TI ARM Linker PC v20.2.6.LTS</banner>
   <copyright>Copyright (c) 1996-2018 Texas Instruments Incorporated</copyright>
   <link_time>0x6233aeab</link_time>
   <link_errors>0x0</link_errors>
   <output_file>Week4Lab.out</output_file>
   <entry_point>
      <name>_c_int00_noargs</name>
      <address>0x3295</address>
   </entry_point>
   <input_file_list>
      <input_file id="fl-2">
         <path>.\</path>
         <kind>object</kind>
         <file>buttons4.obj</file>
         <name>buttons4.obj</name>
      </input_file>
      <input_file id="fl-3">
         <path>.\</path>
         <kind>object</kind>
         <file>circBufV.obj</file>
         <name>circBufV.obj</name>
      </input_file>
      <input_file id="fl-4">
         <path>.\</path>
         <kind>object</kind>
         <file>i2c_driver.obj</file>
         <name>i2c_driver.obj</name>
      </input_file>
      <input_file id="fl-5">
         <path>.\</path>
         <kind>object</kind>
         <file>serialAcc.obj</file>
         <name>serialAcc.obj</name>
      </input_file>
      <input_file id="fl-6">
         <path>.\</path>
         <kind>object</kind>
         <file>tm4c123gh6pm_startup_ccs.obj</file>
         <name>tm4c123gh6pm_startup_ccs.obj</name>
      </input_file>
      <input_file id="fl-7">
         <path>.\</path>
         <kind>object</kind>
         <file>ustdlib.obj</file>
         <name>ustdlib.obj</name>
      </input_file>
      <input_file id="fl-8">
         <path>.\OrbitOLED\</path>
         <kind>object</kind>
         <file>OrbitOLEDInterface.obj</file>
         <name>OrbitOLEDInterface.obj</name>
      </input_file>
      <input_file id="fl-9">
         <path>.\OrbitOLED\lib_OrbitOled\</path>
         <kind>object</kind>
         <file>ChrFont0.obj</file>
         <name>ChrFont0.obj</name>
      </input_file>
      <input_file id="fl-a">
         <path>.\OrbitOLED\lib_OrbitOled\</path>
         <kind>object</kind>
         <file>FillPat.obj</file>
         <name>FillPat.obj</name>
      </input_file>
      <input_file id="fl-b">
         <path>.\OrbitOLED\lib_OrbitOled\</path>
         <kind>object</kind>
         <file>OrbitOled.obj</file>
         <name>OrbitOled.obj</name>
      </input_file>
      <input_file id="fl-c">
         <path>.\OrbitOLED\lib_OrbitOled\</path>
         <kind>object</kind>
         <file>OrbitOledChar.obj</file>
         <name>OrbitOledChar.obj</name>
      </input_file>
      <input_file id="fl-d">
         <path>.\OrbitOLED\lib_OrbitOled\</path>
         <kind>object</kind>
         <file>OrbitOledGrph.obj</file>
         <name>OrbitOledGrph.obj</name>
      </input_file>
      <input_file id="fl-e">
         <path>.\OrbitOLED\lib_OrbitOled\</path>
         <kind>object</kind>
         <file>delay.obj</file>
         <name>delay.obj</name>
      </input_file>
      <input_file id="fl-13">
         <kind>object</kind>
         <file>&lt;internal&gt;</file>
         <name>&lt;internal&gt;</name>
      </input_file>
      <input_file id="fl-c9">
         <path>C:\ti\ccs1110\ccs\tools\compiler\ti-cgt-arm_20.2.6.LTS\lib\</path>
         <kind>archive</kind>
         <file>rtsv7M4_T_le_v4SPD16_eabi.lib</file>
         <name>memset_t2.asm.obj</name>
      </input_file>
      <input_file id="fl-ca">
         <path>C:\ti\ccs1110\ccs\tools\compiler\ti-cgt-arm_20.2.6.LTS\lib\</path>
         <kind>archive</kind>
         <file>rtsv7M4_T_le_v4SPD16_eabi.lib</file>
         <name>u_divt2.asm.obj</name>
      </input_file>
      <input_file id="fl-cb">
         <path>C:\ti\ccs1110\ccs\tools\compiler\ti-cgt-arm_20.2.6.LTS\lib\</path>
         <kind>archive</kind>
         <file>rtsv7M4_T_le_v4SPD16_eabi.lib</file>
         <name>copy_zero_init.c.obj</name>
      </input_file>
      <input_file id="fl-cc">
         <path>C:\ti\ccs1110\ccs\tools\compiler\ti-cgt-arm_20.2.6.LTS\lib\</path>
         <kind>archive</kind>
         <file>rtsv7M4_T_le_v4SPD16_eabi.lib</file>
         <name>copy_decompress_none.c.obj</name>
      </input_file>
      <input_file id="fl-cd">
         <path>C:\ti\ccs1110\ccs\tools\compiler\ti-cgt-arm_20.2.6.LTS\lib\</path>
         <kind>archive</kind>
         <file>rtsv7M4_T_le_v4SPD16_eabi.lib</file>
         <name>copy_decompress_lzss.c.obj</name>
      </input_file>
      <input_file id="fl-ce">
         <path>C:\ti\ccs1110\ccs\tools\compiler\ti-cgt-arm_20.2.6.LTS\lib\</path>
         <kind>archive</kind>
         <file>rtsv7M4_T_le_v4SPD16_eabi.lib</file>
         <name>memory.c.obj</name>
      </input_file>
      <input_file id="fl-cf">
         <path>C:\ti\ccs1110\ccs\tools\compiler\ti-cgt-arm_20.2.6.LTS\lib\</path>
         <kind>archive</kind>
         <file>rtsv7M4_T_le_v4SPD16_eabi.lib</file>
         <name>boot_cortex_m.c.obj</name>
      </input_file>
      <input_file id="fl-d0">
         <path>C:\ti\ccs1110\ccs\tools\compiler\ti-cgt-arm_20.2.6.LTS\lib\</path>
         <kind>archive</kind>
         <file>rtsv7M4_T_le_v4SPD16_eabi.lib</file>
         <name>div0.asm.obj</name>
      </input_file>
      <input_file id="fl-d1">
         <path>C:\ti\ccs1110\ccs\tools\compiler\ti-cgt-arm_20.2.6.LTS\lib\</path>
         <kind>archive</kind>
         <file>rtsv7M4_T_le_v4SPD16_eabi.lib</file>
         <name>memcpy_t2.asm.obj</name>
      </input_file>
      <input_file id="fl-d2">
         <path>C:\ti\ccs1110\ccs\tools\compiler\ti-cgt-arm_20.2.6.LTS\lib\</path>
         <kind>archive</kind>
         <file>rtsv7M4_T_le_v4SPD16_eabi.lib</file>
         <name>autoinit.c.obj</name>
      </input_file>
      <input_file id="fl-d3">
         <path>C:\ti\ccs1110\ccs\tools\compiler\ti-cgt-arm_20.2.6.LTS\lib\</path>
         <kind>archive</kind>
         <file>rtsv7M4_T_le_v4SPD16_eabi.lib</file>
         <name>pre_init.c.obj</name>
      </input_file>
      <input_file id="fl-d4">
         <path>C:\ti\ccs1110\ccs\tools\compiler\ti-cgt-arm_20.2.6.LTS\lib\</path>
         <kind>archive</kind>
         <file>rtsv7M4_T_le_v4SPD16_eabi.lib</file>
         <name>cpy_tbl.c.obj</name>
      </input_file>
      <input_file id="fl-d5">
         <path>C:\ti\ccs1110\ccs\tools\compiler\ti-cgt-arm_20.2.6.LTS\lib\</path>
         <kind>archive</kind>
         <file>rtsv7M4_T_le_v4SPD16_eabi.lib</file>
         <name>exit.c.obj</name>
      </input_file>
      <input_file id="fl-d6">
         <path>C:\ti\ccs1110\ccs\tools\compiler\ti-cgt-arm_20.2.6.LTS\lib\</path>
         <kind>archive</kind>
         <file>rtsv7M4_T_le_v4SPD16_eabi.lib</file>
         <name>_lock.c.obj</name>
      </input_file>
      <input_file id="fl-d7">
         <path>C:\ti\ccs1110\ccs\tools\compiler\ti-cgt-arm_20.2.6.LTS\lib\</path>
         <kind>archive</kind>
         <file>rtsv7M4_T_le_v4SPD16_eabi.lib</file>
         <name>args_main.c.obj</name>
      </input_file>
      <input_file id="fl-d8">
         <path>C:\ti\TivaWare_C_Series-2.2.0.295\driverlib\ccs\Debug\</path>
         <kind>archive</kind>
         <file>driverlib.lib</file>
         <name>gpio.obj</name>
      </input_file>
      <input_file id="fl-d9">
         <path>C:\ti\TivaWare_C_Series-2.2.0.295\driverlib\ccs\Debug\</path>
         <kind>archive</kind>
         <file>driverlib.lib</file>
         <name>i2c.obj</name>
      </input_file>
      <input_file id="fl-da">
         <path>C:\ti\TivaWare_C_Series-2.2.0.295\driverlib\ccs\Debug\</path>
         <kind>archive</kind>
         <file>driverlib.lib</file>
         <name>interrupt.obj</name>
      </input_file>
      <input_file id="fl-db">
         <path>C:\ti\TivaWare_C_Series-2.2.0.295\driverlib\ccs\Debug\</path>
         <kind>archive</kind>
         <file>driverlib.lib</file>
         <name>ssi.obj</name>
      </input_file>
      <input_file id="fl-dc">
         <path>C:\ti\TivaWare_C_Series-2.2.0.295\driverlib\ccs\Debug\</path>
         <kind>archive</kind>
         <file>driverlib.lib</file>
         <name>sysctl.obj</name>
      </input_file>
      <input_file id="fl-dd">
         <path>C:\ti\TivaWare_C_Series-2.2.0.295\driverlib\ccs\Debug\</path>
         <kind>archive</kind>
         <file>driverlib.lib</file>
         <name>systick.obj</name>
      </input_file>
      <input_file id="fl-de">
         <path>C:\ti\TivaWare_C_Series-2.2.0.295\driverlib\ccs\Debug\</path>
         <kind>archive</kind>
         <file>driverlib.lib</file>
         <name>timer.obj</name>
      </input_file>
      <input_file id="fl-df">
         <path>C:\ti\TivaWare_C_Series-2.2.0.295\driverlib\ccs\Debug\</path>
         <kind>archive</kind>
         <file>driverlib.lib</file>
         <name>uart.obj</name>
      </input_file>
      <input_file id="fl-e0">
         <path>C:\ti\TivaWare_C_Series-2.2.0.295\driverlib\ccs\Debug\</path>
         <kind>archive</kind>
         <file>driverlib.lib</file>
         <name>cpu.obj</name>
      </input_file>
   </input_file_list>
   <object_component_list>
      <object_component id="oc-12">
         <name>.intvecs</name>
         <load_address>0x0</load_address>
         <run_address>0x0</run_address>
         <size>0x26c</size>
         <input_file_ref idref="fl-6"/>
      </object_component>
      <object_component id="oc-10b">
         <name>.text</name>
         <load_address>0x26c</load_address>
         <run_address>0x26c</run_address>
         <size>0xc84</size>
         <input_file_ref idref="fl-7"/>
      </object_component>
      <object_component id="oc-2bf">
         <name>.text</name>
         <load_address>0xef0</load_address>
         <run_address>0xef0</run_address>
         <size>0x950</size>
         <input_file_ref idref="fl-d"/>
      </object_component>
      <object_component id="oc-a2">
         <name>.text</name>
         <load_address>0x1840</load_address>
         <run_address>0x1840</run_address>
         <size>0x4f4</size>
         <input_file_ref idref="fl-5"/>
      </object_component>
      <object_component id="oc-1ea">
         <name>.text</name>
         <load_address>0x1d34</load_address>
         <run_address>0x1d34</run_address>
         <size>0x37c</size>
         <input_file_ref idref="fl-b"/>
      </object_component>
      <object_component id="oc-db">
         <name>.text</name>
         <load_address>0x20b0</load_address>
         <run_address>0x20b0</run_address>
         <size>0x220</size>
         <input_file_ref idref="fl-2"/>
      </object_component>
      <object_component id="oc-1e4">
         <name>.text</name>
         <load_address>0x22d0</load_address>
         <run_address>0x22d0</run_address>
         <size>0x204</size>
         <input_file_ref idref="fl-c"/>
      </object_component>
      <object_component id="oc-159">
         <name>.text</name>
         <load_address>0x24d4</load_address>
         <run_address>0x24d4</run_address>
         <size>0x204</size>
         <input_file_ref idref="fl-4"/>
      </object_component>
      <object_component id="oc-1b4">
         <name>.text:GPIOPadConfigSet</name>
         <load_address>0x26d8</load_address>
         <run_address>0x26d8</run_address>
         <size>0x16c</size>
         <input_file_ref idref="fl-d8"/>
      </object_component>
      <object_component id="oc-e7">
         <name>.text:SysCtlClockGet</name>
         <load_address>0x2844</load_address>
         <run_address>0x2844</run_address>
         <size>0x118</size>
         <input_file_ref idref="fl-dc"/>
      </object_component>
      <object_component id="oc-3ac">
         <name>.text:aligned_alloc</name>
         <load_address>0x295c</load_address>
         <run_address>0x295c</run_address>
         <size>0x100</size>
         <input_file_ref idref="fl-ce"/>
      </object_component>
      <object_component id="oc-e1">
         <name>.text:SysCtlClockSet</name>
         <load_address>0x2a5c</load_address>
         <run_address>0x2a5c</run_address>
         <size>0xf4</size>
         <input_file_ref idref="fl-dc"/>
      </object_component>
      <object_component id="oc-261">
         <name>.text:free</name>
         <load_address>0x2b50</load_address>
         <run_address>0x2b50</run_address>
         <size>0xe4</size>
         <input_file_ref idref="fl-ce"/>
      </object_component>
      <object_component id="oc-162">
         <name>.text</name>
         <load_address>0x2c34</load_address>
         <run_address>0x2c34</run_address>
         <size>0xe0</size>
         <input_file_ref idref="fl-3"/>
      </object_component>
      <object_component id="oc-3e">
         <name>.text</name>
         <load_address>0x2d14</load_address>
         <run_address>0x2d14</run_address>
         <size>0x9c</size>
         <input_file_ref idref="fl-d1"/>
      </object_component>
      <object_component id="oc-96">
         <name>.text</name>
         <load_address>0x2db0</load_address>
         <run_address>0x2db0</run_address>
         <size>0x7a</size>
         <input_file_ref idref="fl-c9"/>
      </object_component>
      <object_component id="oc-359">
         <name>.text:_nop</name>
         <load_address>0x2e2a</load_address>
         <run_address>0x2e2a</run_address>
         <size>0x2</size>
         <input_file_ref idref="fl-d6"/>
      </object_component>
      <object_component id="oc-3d3">
         <name>.text:split</name>
         <load_address>0x2e2c</load_address>
         <run_address>0x2e2c</run_address>
         <size>0x70</size>
         <input_file_ref idref="fl-ce"/>
      </object_component>
      <object_component id="oc-15">
         <name>.text:decompress:lzss:__TI_decompress_lzss</name>
         <load_address>0x2e9c</load_address>
         <run_address>0x2e9c</run_address>
         <size>0x68</size>
         <input_file_ref idref="fl-cd"/>
      </object_component>
      <object_component id="oc-388">
         <name>.text:TimerConfigure</name>
         <load_address>0x2f04</load_address>
         <run_address>0x2f04</run_address>
         <size>0x60</size>
         <input_file_ref idref="fl-de"/>
      </object_component>
      <object_component id="oc-2d4">
         <name>.text</name>
         <load_address>0x2f64</load_address>
         <run_address>0x2f64</run_address>
         <size>0x5c</size>
         <input_file_ref idref="fl-e"/>
      </object_component>
      <object_component id="oc-13b">
         <name>.text:SysCtlPeripheralReset</name>
         <load_address>0x2fc0</load_address>
         <run_address>0x2fc0</run_address>
         <size>0x50</size>
         <input_file_ref idref="fl-dc"/>
      </object_component>
      <object_component id="oc-11d">
         <name>.text:GPIOPinConfigure</name>
         <load_address>0x3010</load_address>
         <run_address>0x3010</run_address>
         <size>0x4c</size>
         <input_file_ref idref="fl-d8"/>
      </object_component>
      <object_component id="oc-14d">
         <name>.text:I2CMasterInitExpClk</name>
         <load_address>0x305c</load_address>
         <run_address>0x305c</run_address>
         <size>0x4c</size>
         <input_file_ref idref="fl-d9"/>
      </object_component>
      <object_component id="oc-123">
         <name>.text:UARTConfigSetExpClk</name>
         <load_address>0x30a8</load_address>
         <run_address>0x30a8</run_address>
         <size>0x46</size>
         <input_file_ref idref="fl-df"/>
      </object_component>
      <object_component id="oc-31d">
         <name>.text</name>
         <load_address>0x30ee</load_address>
         <run_address>0x30ee</run_address>
         <size>0x2</size>
         <input_file_ref idref="fl-d0"/>
      </object_component>
      <object_component id="oc-105">
         <name>.text</name>
         <load_address>0x30f0</load_address>
         <run_address>0x30f0</run_address>
         <size>0x44</size>
         <input_file_ref idref="fl-8"/>
      </object_component>
      <object_component id="oc-180">
         <name>.text:__TI_auto_init_nobinit_nopinit:__TI_auto_init_nobinit_nopinit</name>
         <load_address>0x3134</load_address>
         <run_address>0x3134</run_address>
         <size>0x44</size>
         <input_file_ref idref="fl-d2"/>
      </object_component>
      <object_component id="oc-1f2">
         <name>.text</name>
         <load_address>0x3178</load_address>
         <run_address>0x3178</run_address>
         <size>0x40</size>
         <input_file_ref idref="fl-ca"/>
      </object_component>
      <object_component id="oc-2e6">
         <name>.text:SSIConfigSetExpClk</name>
         <load_address>0x31b8</load_address>
         <run_address>0x31b8</run_address>
         <size>0x3c</size>
         <input_file_ref idref="fl-db"/>
      </object_component>
      <object_component id="oc-25b">
         <name>.text:calloc</name>
         <load_address>0x31f4</load_address>
         <run_address>0x31f4</run_address>
         <size>0x38</size>
         <input_file_ref idref="fl-ce"/>
      </object_component>
      <object_component id="oc-1db">
         <name>.text:IntRegister</name>
         <load_address>0x322c</load_address>
         <run_address>0x322c</run_address>
         <size>0x34</size>
         <input_file_ref idref="fl-da"/>
      </object_component>
      <object_component id="oc-111">
         <name>.text:SysCtlPeripheralEnable</name>
         <load_address>0x3260</load_address>
         <run_address>0x3260</run_address>
         <size>0x34</size>
         <input_file_ref idref="fl-dc"/>
      </object_component>
      <object_component id="oc-5c">
         <name>.text:_c_int00_noargs:_c_int00_noargs</name>
         <load_address>0x3294</load_address>
         <run_address>0x3294</run_address>
         <size>0x34</size>
         <input_file_ref idref="fl-cf"/>
      </object_component>
      <object_component id="oc-210">
         <name>.text:GPIODirModeSet</name>
         <load_address>0x32c8</load_address>
         <run_address>0x32c8</run_address>
         <size>0x2c</size>
         <input_file_ref idref="fl-d8"/>
      </object_component>
      <object_component id="oc-34e">
         <name>.text:free_list_insert</name>
         <load_address>0x32f4</load_address>
         <run_address>0x32f4</run_address>
         <size>0x28</size>
         <input_file_ref idref="fl-ce"/>
      </object_component>
      <object_component id="oc-21c">
         <name>.text:UARTDisable</name>
         <load_address>0x331c</load_address>
         <run_address>0x331c</run_address>
         <size>0x20</size>
         <input_file_ref idref="fl-df"/>
      </object_component>
      <object_component id="oc-f3">
         <name>.text:SysTickIntRegister</name>
         <load_address>0x333c</load_address>
         <run_address>0x333c</run_address>
         <size>0x1c</size>
         <input_file_ref idref="fl-dd"/>
      </object_component>
      <object_component id="oc-348">
         <name>.text:free_list_remove</name>
         <load_address>0x3358</load_address>
         <run_address>0x3358</run_address>
         <size>0x1c</size>
         <input_file_ref idref="fl-ce"/>
      </object_component>
      <object_component id="oc-2f8">
         <name>.text:GPIOPinTypeGPIOOutput</name>
         <load_address>0x3374</load_address>
         <run_address>0x3374</run_address>
         <size>0x1a</size>
         <input_file_ref idref="fl-d8"/>
      </object_component>
      <object_component id="oc-153">
         <name>.text:GPIOPinTypeGPIOInput</name>
         <load_address>0x338e</load_address>
         <run_address>0x338e</run_address>
         <size>0x16</size>
         <input_file_ref idref="fl-d8"/>
      </object_component>
      <object_component id="oc-141">
         <name>.text:GPIOPinTypeI2C</name>
         <load_address>0x33a4</load_address>
         <run_address>0x33a4</run_address>
         <size>0x16</size>
         <input_file_ref idref="fl-d8"/>
      </object_component>
      <object_component id="oc-147">
         <name>.text:GPIOPinTypeI2CSCL</name>
         <load_address>0x33ba</load_address>
         <run_address>0x33ba</run_address>
         <size>0x16</size>
         <input_file_ref idref="fl-d8"/>
      </object_component>
      <object_component id="oc-2da">
         <name>.text:GPIOPinTypeSSI</name>
         <load_address>0x33d0</load_address>
         <run_address>0x33d0</run_address>
         <size>0x16</size>
         <input_file_ref idref="fl-d8"/>
      </object_component>
      <object_component id="oc-117">
         <name>.text:GPIOPinTypeUART</name>
         <load_address>0x33e6</load_address>
         <run_address>0x33e6</run_address>
         <size>0x16</size>
         <input_file_ref idref="fl-d8"/>
      </object_component>
      <object_component id="oc-ff">
         <name>.text:SysTickEnable</name>
         <load_address>0x33fc</load_address>
         <run_address>0x33fc</run_address>
         <size>0x14</size>
         <input_file_ref idref="fl-dd"/>
      </object_component>
      <object_component id="oc-f9">
         <name>.text:SysTickIntEnable</name>
         <load_address>0x3410</load_address>
         <run_address>0x3410</run_address>
         <size>0x14</size>
         <input_file_ref idref="fl-dd"/>
      </object_component>
      <object_component id="oc-12f">
         <name>.text:UARTEnable</name>
         <load_address>0x3424</load_address>
         <run_address>0x3424</run_address>
         <size>0x14</size>
         <input_file_ref idref="fl-df"/>
      </object_component>
      <object_component id="oc-ed">
         <name>.text:SysTickPeriodSet</name>
         <load_address>0x3438</load_address>
         <run_address>0x3438</run_address>
         <size>0x10</size>
         <input_file_ref idref="fl-dd"/>
      </object_component>
      <object_component id="oc-38e">
         <name>.text:TimerEnable</name>
         <load_address>0x3448</load_address>
         <run_address>0x3448</run_address>
         <size>0xe</size>
         <input_file_ref idref="fl-de"/>
      </object_component>
      <object_component id="oc-1b">
         <name>.text:decompress:none:__TI_decompress_none</name>
         <load_address>0x3456</load_address>
         <run_address>0x3456</run_address>
         <size>0xe</size>
         <input_file_ref idref="fl-cc"/>
      </object_component>
      <object_component id="oc-30a">
         <name>.text:SSIDataGet</name>
         <load_address>0x3464</load_address>
         <run_address>0x3464</run_address>
         <size>0xc</size>
         <input_file_ref idref="fl-db"/>
      </object_component>
      <object_component id="oc-50">
         <name>.text:decompress:ZI:__TI_zero_init</name>
         <load_address>0x3470</load_address>
         <run_address>0x3470</run_address>
         <size>0xc</size>
         <input_file_ref idref="fl-cb"/>
      </object_component>
      <object_component id="oc-2a">
         <name>.text</name>
         <load_address>0x347c</load_address>
         <run_address>0x347c</run_address>
         <size>0xc</size>
         <input_file_ref idref="fl-6"/>
      </object_component>
      <object_component id="oc-22a">
         <name>.text:I2CMasterEnable</name>
         <load_address>0x3488</load_address>
         <run_address>0x3488</run_address>
         <size>0xa</size>
         <input_file_ref idref="fl-d9"/>
      </object_component>
      <object_component id="oc-304">
         <name>.text:SSIDataPut</name>
         <load_address>0x3492</load_address>
         <run_address>0x3492</run_address>
         <size>0xa</size>
         <input_file_ref idref="fl-db"/>
      </object_component>
      <object_component id="oc-2ec">
         <name>.text:SSIEnable</name>
         <load_address>0x349c</load_address>
         <run_address>0x349c</run_address>
         <size>0xa</size>
         <input_file_ref idref="fl-db"/>
      </object_component>
      <object_component id="oc-394">
         <name>.text:TimerValueGet</name>
         <load_address>0x34a6</load_address>
         <run_address>0x34a6</run_address>
         <size>0xa</size>
         <input_file_ref idref="fl-de"/>
      </object_component>
      <object_component id="oc-135">
         <name>.text:UARTCharPut</name>
         <load_address>0x34b0</load_address>
         <run_address>0x34b0</run_address>
         <size>0xa</size>
         <input_file_ref idref="fl-df"/>
      </object_component>
      <object_component id="oc-129">
         <name>.text:UARTFIFOEnable</name>
         <load_address>0x34ba</load_address>
         <run_address>0x34ba</run_address>
         <size>0xa</size>
         <input_file_ref idref="fl-df"/>
      </object_component>
      <object_component id="oc-251">
         <name>.text:I2CMasterBusBusy</name>
         <load_address>0x34c4</load_address>
         <run_address>0x34c4</run_address>
         <size>0x8</size>
         <input_file_ref idref="fl-d9"/>
      </object_component>
      <object_component id="oc-245">
         <name>.text:I2CMasterBusy</name>
         <load_address>0x34cc</load_address>
         <run_address>0x34cc</run_address>
         <size>0x8</size>
         <input_file_ref idref="fl-d9"/>
      </object_component>
      <object_component id="oc-233">
         <name>.text:I2CMasterSlaveAddrSet</name>
         <load_address>0x34d4</load_address>
         <run_address>0x34d4</run_address>
         <size>0x8</size>
         <input_file_ref idref="fl-d9"/>
      </object_component>
      <object_component id="oc-2fe">
         <name>.text:SSIBusy</name>
         <load_address>0x34dc</load_address>
         <run_address>0x34dc</run_address>
         <size>0x8</size>
         <input_file_ref idref="fl-db"/>
      </object_component>
      <object_component id="oc-341">
         <name>.text:malloc</name>
         <load_address>0x34e4</load_address>
         <run_address>0x34e4</run_address>
         <size>0x8</size>
         <input_file_ref idref="fl-ce"/>
      </object_component>
      <object_component id="oc-1ba">
         <name>.text:GPIOPinRead</name>
         <load_address>0x34ec</load_address>
         <run_address>0x34ec</run_address>
         <size>0x6</size>
         <input_file_ref idref="fl-d8"/>
      </object_component>
      <object_component id="oc-2f2">
         <name>.text:GPIOPinWrite</name>
         <load_address>0x34f2</load_address>
         <run_address>0x34f2</run_address>
         <size>0x6</size>
         <input_file_ref idref="fl-d8"/>
      </object_component>
      <object_component id="oc-2e0">
         <name>.text:SSIClockSourceSet</name>
         <load_address>0x34f8</load_address>
         <run_address>0x34f8</run_address>
         <size>0x6</size>
         <input_file_ref idref="fl-db"/>
      </object_component>
      <object_component id="oc-1cd">
         <name>.text:SysCtlDelay</name>
         <load_address>0x34fe</load_address>
         <run_address>0x34fe</run_address>
         <size>0x6</size>
         <input_file_ref idref="fl-dc"/>
      </object_component>
      <object_component id="oc-23f">
         <name>.text:I2CMasterControl</name>
         <load_address>0x3504</load_address>
         <run_address>0x3504</run_address>
         <size>0x4</size>
         <input_file_ref idref="fl-d9"/>
      </object_component>
      <object_component id="oc-24b">
         <name>.text:I2CMasterDataGet</name>
         <load_address>0x3508</load_address>
         <run_address>0x3508</run_address>
         <size>0x4</size>
         <input_file_ref idref="fl-d9"/>
      </object_component>
      <object_component id="oc-239">
         <name>.text:I2CMasterDataPut</name>
         <load_address>0x350c</load_address>
         <run_address>0x350c</run_address>
         <size>0x4</size>
         <input_file_ref idref="fl-d9"/>
      </object_component>
      <object_component id="oc-9c">
         <name>.text:_system_pre_init</name>
         <load_address>0x3510</load_address>
         <run_address>0x3510</run_address>
         <size>0x4</size>
         <input_file_ref idref="fl-d3"/>
      </object_component>
      <object_component id="oc-174">
         <name>.text:abort:abort</name>
         <load_address>0x3514</load_address>
         <run_address>0x3514</run_address>
         <size>0x4</size>
         <input_file_ref idref="fl-d5"/>
      </object_component>
      <object_component id="oc-310">
         <name>.const:.string:rgbOledFont0</name>
         <load_address>0x3518</load_address>
         <run_address>0x3518</run_address>
         <size>0x300</size>
         <input_file_ref idref="fl-9"/>
      </object_component>
      <object_component id="oc-218">
         <name>.const:g_pui32GPIOBaseAddrs</name>
         <load_address>0x3818</load_address>
         <run_address>0x3818</run_address>
         <size>0x90</size>
         <input_file_ref idref="fl-d8"/>
      </object_component>
      <object_component id="oc-1d5">
         <name>.const:g_pui32Xtals</name>
         <load_address>0x38a8</load_address>
         <run_address>0x38a8</run_address>
         <size>0x6c</size>
         <input_file_ref idref="fl-dc"/>
      </object_component>
      <object_component id="oc-316">
         <name>.const:.string:rgbFillPat</name>
         <load_address>0x3914</load_address>
         <run_address>0x3914</run_address>
         <size>0x40</size>
         <input_file_ref idref="fl-a"/>
      </object_component>
      <object_component id="oc-1fa">
         <name>.const:g_psDaysToMonth</name>
         <load_address>0x3954</load_address>
         <run_address>0x3954</run_address>
         <size>0x30</size>
         <input_file_ref idref="fl-7"/>
      </object_component>
      <object_component id="oc-1fd">
         <name>.const:g_pfExponents</name>
         <load_address>0x3984</load_address>
         <run_address>0x3984</run_address>
         <size>0x18</size>
         <input_file_ref idref="fl-7"/>
      </object_component>
      <object_component id="oc-323">
         <name>.const:.string</name>
         <load_address>0x399c</load_address>
         <run_address>0x399c</run_address>
         <size>0x12</size>
         <input_file_ref idref="fl-7"/>
      </object_component>
      <object_component id="oc-1f7">
         <name>.const</name>
         <load_address>0x39b0</load_address>
         <run_address>0x39b0</run_address>
         <size>0x4</size>
         <input_file_ref idref="fl-7"/>
      </object_component>
      <object_component id="oc-40b">
         <name>.cinit..data.load</name>
         <load_address>0x39b8</load_address>
         <run_address>0x39b8</run_address>
         <size>0x10</size>
      </object_component>
      <object_component id="oc-408">
         <name>__TI_handler_table</name>
         <load_address>0x39c8</load_address>
         <run_address>0x39c8</run_address>
         <size>0xc</size>
      </object_component>
      <object_component id="oc-40c">
         <name>.cinit..bss.load</name>
         <load_address>0x39d8</load_address>
         <run_address>0x39d8</run_address>
         <size>0x8</size>
      </object_component>
      <object_component id="oc-40a">
         <name>.cinit..vtable.load</name>
         <load_address>0x39e0</load_address>
         <run_address>0x39e0</run_address>
         <size>0x8</size>
      </object_component>
      <object_component id="oc-409">
         <name>__TI_cinit_table</name>
         <load_address>0x39e8</load_address>
         <run_address>0x39e8</run_address>
         <size>0x18</size>
      </object_component>
      <object_component id="oc-2ba">
         <name>.vtable</name>
         <uninitialized>true</uninitialized>
         <run_address>0x20000000</run_address>
         <size>0x26c</size>
         <input_file_ref idref="fl-da"/>
      </object_component>
      <object_component id="oc-15f">
         <name>.data</name>
         <load_address>0x200009f8</load_address>
         <run_address>0x200009f8</run_address>
         <size>0x4</size>
         <input_file_ref idref="fl-5"/>
      </object_component>
      <object_component id="oc-200">
         <name>.data</name>
         <load_address>0x200009fc</load_address>
         <run_address>0x200009fc</run_address>
         <size>0x4</size>
         <input_file_ref idref="fl-7"/>
      </object_component>
      <object_component id="oc-3b3">
         <name>.data:$O1$$</name>
         <load_address>0x200009f0</load_address>
         <run_address>0x200009f0</run_address>
         <size>0x8</size>
         <input_file_ref idref="fl-ce"/>
      </object_component>
      <object_component id="oc-27b">
         <name>.data:$O1$$</name>
         <load_address>0x200009e8</load_address>
         <run_address>0x200009e8</run_address>
         <size>0x8</size>
         <input_file_ref idref="fl-d6"/>
      </object_component>
      <object_component id="oc-1c3">
         <name>.bss:but_state</name>
         <uninitialized>true</uninitialized>
         <run_address>0x2000059c</run_address>
         <size>0x4</size>
         <input_file_ref idref="fl-2"/>
      </object_component>
      <object_component id="oc-1c6">
         <name>.bss:but_count</name>
         <uninitialized>true</uninitialized>
         <run_address>0x20000590</run_address>
         <size>0x4</size>
         <input_file_ref idref="fl-2"/>
      </object_component>
      <object_component id="oc-1c9">
         <name>.bss:but_flag</name>
         <uninitialized>true</uninitialized>
         <run_address>0x20000594</run_address>
         <size>0x4</size>
         <input_file_ref idref="fl-2"/>
      </object_component>
      <object_component id="oc-1c0">
         <name>.bss:but_normal</name>
         <uninitialized>true</uninitialized>
         <run_address>0x20000598</run_address>
         <size>0x4</size>
         <input_file_ref idref="fl-2"/>
      </object_component>
      <object_component id="oc-168">
         <name>.bss:g_inBuffer</name>
         <uninitialized>true</uninitialized>
         <run_address>0x20000580</run_address>
         <size>0x10</size>
         <input_file_ref idref="fl-5"/>
      </object_component>
      <object_component id="oc-16b">
         <name>.common:statusStr</name>
         <uninitialized>true</uninitialized>
         <run_address>0x2000056c</run_address>
         <size>0x14</size>
      </object_component>
      <object_component id="oc-37c">
         <name>.common:xcoOledCur</name>
         <uninitialized>true</uninitialized>
         <run_address>0x200005d0</run_address>
         <size>0x4</size>
      </object_component>
      <object_component id="oc-37d">
         <name>.common:ycoOledCur</name>
         <uninitialized>true</uninitialized>
         <run_address>0x200005dc</run_address>
         <size>0x4</size>
      </object_component>
      <object_component id="oc-2d2">
         <name>.common:pbOledCur</name>
         <uninitialized>true</uninitialized>
         <run_address>0x200005b4</run_address>
         <size>0x4</size>
      </object_component>
      <object_component id="oc-37e">
         <name>.common:bnOledCur</name>
         <uninitialized>true</uninitialized>
         <run_address>0x200005a0</run_address>
         <size>0x4</size>
      </object_component>
      <object_component id="oc-314">
         <name>.common:clrOledCur</name>
         <uninitialized>true</uninitialized>
         <run_address>0x200005e0</run_address>
         <size>0x1</size>
      </object_component>
      <object_component id="oc-315">
         <name>.common:pbOledPatCur</name>
         <uninitialized>true</uninitialized>
         <run_address>0x200005c0</run_address>
         <size>0x4</size>
      </object_component>
      <object_component id="oc-2d0">
         <name>.common:fOledCharUpdate</name>
         <uninitialized>true</uninitialized>
         <run_address>0x200005ac</run_address>
         <size>0x4</size>
      </object_component>
      <object_component id="oc-2cb">
         <name>.common:dxcoOledFontCur</name>
         <uninitialized>true</uninitialized>
         <run_address>0x200005a4</run_address>
         <size>0x4</size>
      </object_component>
      <object_component id="oc-2ce">
         <name>.common:dycoOledFontCur</name>
         <uninitialized>true</uninitialized>
         <run_address>0x200005a8</run_address>
         <size>0x4</size>
      </object_component>
      <object_component id="oc-2d1">
         <name>.common:pbOledFontCur</name>
         <uninitialized>true</uninitialized>
         <run_address>0x200005b8</run_address>
         <size>0x4</size>
      </object_component>
      <object_component id="oc-2cf">
         <name>.common:pbOledFontUser</name>
         <uninitialized>true</uninitialized>
         <run_address>0x200005bc</run_address>
         <size>0x4</size>
      </object_component>
      <object_component id="oc-319">
         <name>.common:rgbOledBmp</name>
         <uninitialized>true</uninitialized>
         <run_address>0x2000026c</run_address>
         <size>0x200</size>
      </object_component>
      <object_component id="oc-2c9">
         <name>.common:xchOledCur</name>
         <uninitialized>true</uninitialized>
         <run_address>0x200005c8</run_address>
         <size>0x4</size>
      </object_component>
      <object_component id="oc-2ca">
         <name>.common:ychOledCur</name>
         <uninitialized>true</uninitialized>
         <run_address>0x200005d4</run_address>
         <size>0x4</size>
      </object_component>
      <object_component id="oc-2c5">
         <name>.common:xchOledMax</name>
         <uninitialized>true</uninitialized>
         <run_address>0x200005cc</run_address>
         <size>0x4</size>
      </object_component>
      <object_component id="oc-2c8">
         <name>.common:ychOledMax</name>
         <uninitialized>true</uninitialized>
         <run_address>0x200005d8</run_address>
         <size>0x4</size>
      </object_component>
      <object_component id="oc-313">
         <name>.common:rgbOledFontUser</name>
         <uninitialized>true</uninitialized>
         <run_address>0x2000046c</run_address>
         <size>0x100</size>
      </object_component>
      <object_component id="oc-382">
         <name>.common:pfnDoRop</name>
         <uninitialized>true</uninitialized>
         <run_address>0x200005c4</run_address>
         <size>0x4</size>
      </object_component>
      <object_component id="oc-37f">
         <name>.common:modOledCur</name>
         <uninitialized>true</uninitialized>
         <run_address>0x200005b0</run_address>
         <size>0x4</size>
      </object_component>
      <object_component id="oc-24">
         <name>.sysmem</name>
         <uninitialized>true</uninitialized>
         <run_address>0x200007e8</run_address>
         <size>0x10</size>
         <input_file_ref idref="fl-ce"/>
      </object_component>
      <object_component id="oc-40f">
         <name>.sysmem</name>
         <uninitialized>true</uninitialized>
         <run_address>0x200007e8</run_address>
         <size>0x0</size>
      </object_component>
      <object_component id="oc-27">
         <name>.stack</name>
         <uninitialized>true</uninitialized>
         <run_address>0x200005e8</run_address>
         <size>0x4</size>
         <input_file_ref idref="fl-cf"/>
      </object_component>
      <object_component id="oc-40e">
         <name>.stack</name>
         <uninitialized>true</uninitialized>
         <run_address>0x200005e8</run_address>
         <size>0x0</size>
      </object_component>
      <object_component id="oc-ca">
         <name>.debug_info</name>
         <load_address>0x0</load_address>
         <run_address>0x0</run_address>
         <size>0x389</size>
         <input_file_ref idref="fl-2"/>
      </object_component>
      <object_component id="oc-1c4">
         <name>.debug_info</name>
         <load_address>0x389</load_address>
         <run_address>0x389</run_address>
         <size>0xf3</size>
         <input_file_ref idref="fl-2"/>
      </object_component>
      <object_component id="oc-1c7">
         <name>.debug_info</name>
         <load_address>0x47c</load_address>
         <run_address>0x47c</run_address>
         <size>0xf3</size>
         <input_file_ref idref="fl-2"/>
      </object_component>
      <object_component id="oc-1ca">
         <name>.debug_info</name>
         <load_address>0x56f</load_address>
         <run_address>0x56f</run_address>
         <size>0xf1</size>
         <input_file_ref idref="fl-2"/>
      </object_component>
      <object_component id="oc-1c1">
         <name>.debug_info</name>
         <load_address>0x660</load_address>
         <run_address>0x660</run_address>
         <size>0xf5</size>
         <input_file_ref idref="fl-2"/>
      </object_component>
      <object_component id="oc-dd">
         <name>.debug_info</name>
         <load_address>0x755</load_address>
         <run_address>0x755</run_address>
         <size>0x3bb</size>
         <input_file_ref idref="fl-2"/>
      </object_component>
      <object_component id="oc-77">
         <name>.debug_info</name>
         <load_address>0xb10</load_address>
         <run_address>0xb10</run_address>
         <size>0x26b</size>
         <input_file_ref idref="fl-2"/>
      </object_component>
      <object_component id="oc-c5">
         <name>.debug_info</name>
         <load_address>0xd7b</load_address>
         <run_address>0xd7b</run_address>
         <size>0x8b</size>
         <input_file_ref idref="fl-2"/>
      </object_component>
      <object_component id="oc-c0">
         <name>.debug_info</name>
         <load_address>0xe06</load_address>
         <run_address>0xe06</run_address>
         <size>0x2a4</size>
         <input_file_ref idref="fl-2"/>
      </object_component>
      <object_component id="oc-7c">
         <name>.debug_info</name>
         <load_address>0x10aa</load_address>
         <run_address>0x10aa</run_address>
         <size>0xbb</size>
         <input_file_ref idref="fl-2"/>
      </object_component>
      <object_component id="oc-268">
         <name>.debug_info</name>
         <load_address>0x1165</load_address>
         <run_address>0x1165</run_address>
         <size>0x2f8</size>
         <input_file_ref idref="fl-3"/>
      </object_component>
      <object_component id="oc-163">
         <name>.debug_info</name>
         <load_address>0x145d</load_address>
         <run_address>0x145d</run_address>
         <size>0x336</size>
         <input_file_ref idref="fl-3"/>
      </object_component>
      <object_component id="oc-16f">
         <name>.debug_info</name>
         <load_address>0x1793</load_address>
         <run_address>0x1793</run_address>
         <size>0xd9</size>
         <input_file_ref idref="fl-3"/>
      </object_component>
      <object_component id="oc-272">
         <name>.debug_info</name>
         <load_address>0x186c</load_address>
         <run_address>0x186c</run_address>
         <size>0x110</size>
         <input_file_ref idref="fl-3"/>
      </object_component>
      <object_component id="oc-39">
         <name>.debug_info</name>
         <load_address>0x197c</load_address>
         <run_address>0x197c</run_address>
         <size>0x84</size>
         <input_file_ref idref="fl-3"/>
      </object_component>
      <object_component id="oc-258">
         <name>.debug_info</name>
         <load_address>0x1a00</load_address>
         <run_address>0x1a00</run_address>
         <size>0x3db</size>
         <input_file_ref idref="fl-4"/>
      </object_component>
      <object_component id="oc-15a">
         <name>.debug_info</name>
         <load_address>0x1ddb</load_address>
         <run_address>0x1ddb</run_address>
         <size>0x55a</size>
         <input_file_ref idref="fl-4"/>
      </object_component>
      <object_component id="oc-16c">
         <name>.debug_info</name>
         <load_address>0x2335</load_address>
         <run_address>0x2335</run_address>
         <size>0x8b3</size>
         <input_file_ref idref="fl-5"/>
      </object_component>
      <object_component id="oc-160">
         <name>.debug_info</name>
         <load_address>0x2be8</load_address>
         <run_address>0x2be8</run_address>
         <size>0x112</size>
         <input_file_ref idref="fl-5"/>
      </object_component>
      <object_component id="oc-169">
         <name>.debug_info</name>
         <load_address>0x2cfa</load_address>
         <run_address>0x2cfa</run_address>
         <size>0xf6</size>
         <input_file_ref idref="fl-5"/>
      </object_component>
      <object_component id="oc-a4">
         <name>.debug_info</name>
         <load_address>0x2df0</load_address>
         <run_address>0x2df0</run_address>
         <size>0xce5</size>
         <input_file_ref idref="fl-5"/>
      </object_component>
      <object_component id="oc-20a">
         <name>.debug_info</name>
         <load_address>0x3ad5</load_address>
         <run_address>0x3ad5</run_address>
         <size>0x2c</size>
         <input_file_ref idref="fl-5"/>
      </object_component>
      <object_component id="oc-26d">
         <name>.debug_info</name>
         <load_address>0x3b01</load_address>
         <run_address>0x3b01</run_address>
         <size>0x35</size>
         <input_file_ref idref="fl-5"/>
      </object_component>
      <object_component id="oc-32">
         <name>.debug_info</name>
         <load_address>0x3b36</load_address>
         <run_address>0x3b36</run_address>
         <size>0x2cb</size>
         <input_file_ref idref="fl-6"/>
      </object_component>
      <object_component id="oc-13">
         <name>.debug_info</name>
         <load_address>0x3e01</load_address>
         <run_address>0x3e01</run_address>
         <size>0x10a</size>
         <input_file_ref idref="fl-6"/>
      </object_component>
      <object_component id="oc-2b">
         <name>.debug_info</name>
         <load_address>0x3f0b</load_address>
         <run_address>0x3f0b</run_address>
         <size>0x286</size>
         <input_file_ref idref="fl-6"/>
      </object_component>
      <object_component id="oc-204">
         <name>.debug_info</name>
         <load_address>0x4191</load_address>
         <run_address>0x4191</run_address>
         <size>0x30c</size>
         <input_file_ref idref="fl-7"/>
      </object_component>
      <object_component id="oc-1f8">
         <name>.debug_info</name>
         <load_address>0x449d</load_address>
         <run_address>0x449d</run_address>
         <size>0x113</size>
         <input_file_ref idref="fl-7"/>
      </object_component>
      <object_component id="oc-1fb">
         <name>.debug_info</name>
         <load_address>0x45b0</load_address>
         <run_address>0x45b0</run_address>
         <size>0x124</size>
         <input_file_ref idref="fl-7"/>
      </object_component>
      <object_component id="oc-1fe">
         <name>.debug_info</name>
         <load_address>0x46d4</load_address>
         <run_address>0x46d4</run_address>
         <size>0x120</size>
         <input_file_ref idref="fl-7"/>
      </object_component>
      <object_component id="oc-201">
         <name>.debug_info</name>
         <load_address>0x47f4</load_address>
         <run_address>0x47f4</run_address>
         <size>0x120</size>
         <input_file_ref idref="fl-7"/>
      </object_component>
      <object_component id="oc-10c">
         <name>.debug_info</name>
         <load_address>0x4914</load_address>
         <run_address>0x4914</run_address>
         <size>0x137c</size>
         <input_file_ref idref="fl-7"/>
      </object_component>
      <object_component id="oc-205">
         <name>.debug_info</name>
         <load_address>0x5c90</load_address>
         <run_address>0x5c90</run_address>
         <size>0x196</size>
         <input_file_ref idref="fl-7"/>
      </object_component>
      <object_component id="oc-1f1">
         <name>.debug_info</name>
         <load_address>0x5e26</load_address>
         <run_address>0x5e26</run_address>
         <size>0x3a6</size>
         <input_file_ref idref="fl-8"/>
      </object_component>
      <object_component id="oc-109">
         <name>.debug_info</name>
         <load_address>0x61cc</load_address>
         <run_address>0x61cc</run_address>
         <size>0x445</size>
         <input_file_ref idref="fl-8"/>
      </object_component>
      <object_component id="oc-3a7">
         <name>.debug_info</name>
         <load_address>0x6611</load_address>
         <run_address>0x6611</run_address>
         <size>0x13b</size>
         <input_file_ref idref="fl-9"/>
      </object_component>
      <object_component id="oc-311">
         <name>.debug_info</name>
         <load_address>0x674c</load_address>
         <run_address>0x674c</run_address>
         <size>0x14f</size>
         <input_file_ref idref="fl-9"/>
      </object_component>
      <object_component id="oc-3aa">
         <name>.debug_info</name>
         <load_address>0x689b</load_address>
         <run_address>0x689b</run_address>
         <size>0x138</size>
         <input_file_ref idref="fl-a"/>
      </object_component>
      <object_component id="oc-317">
         <name>.debug_info</name>
         <load_address>0x69d3</load_address>
         <run_address>0x69d3</run_address>
         <size>0x14a</size>
         <input_file_ref idref="fl-a"/>
      </object_component>
      <object_component id="oc-2cc">
         <name>.debug_info</name>
         <load_address>0x6b1d</load_address>
         <run_address>0x6b1d</run_address>
         <size>0x8a8</size>
         <input_file_ref idref="fl-b"/>
      </object_component>
      <object_component id="oc-1ec">
         <name>.debug_info</name>
         <load_address>0x73c5</load_address>
         <run_address>0x73c5</run_address>
         <size>0x1080</size>
         <input_file_ref idref="fl-b"/>
      </object_component>
      <object_component id="oc-2c6">
         <name>.debug_info</name>
         <load_address>0x8445</load_address>
         <run_address>0x8445</run_address>
         <size>0x525</size>
         <input_file_ref idref="fl-c"/>
      </object_component>
      <object_component id="oc-1e5">
         <name>.debug_info</name>
         <load_address>0x896a</load_address>
         <run_address>0x896a</run_address>
         <size>0xd53</size>
         <input_file_ref idref="fl-c"/>
      </object_component>
      <object_component id="oc-380">
         <name>.debug_info</name>
         <load_address>0x96bd</load_address>
         <run_address>0x96bd</run_address>
         <size>0x4ff</size>
         <input_file_ref idref="fl-d"/>
      </object_component>
      <object_component id="oc-2c2">
         <name>.debug_info</name>
         <load_address>0x9bbc</load_address>
         <run_address>0x9bbc</run_address>
         <size>0x2805</size>
         <input_file_ref idref="fl-d"/>
      </object_component>
      <object_component id="oc-2d5">
         <name>.debug_info</name>
         <load_address>0xc3c1</load_address>
         <run_address>0xc3c1</run_address>
         <size>0x390</size>
         <input_file_ref idref="fl-e"/>
      </object_component>
      <object_component id="oc-98">
         <name>.debug_info</name>
         <load_address>0xc751</load_address>
         <run_address>0xc751</run_address>
         <size>0x147</size>
         <input_file_ref idref="fl-c9"/>
      </object_component>
      <object_component id="oc-1f4">
         <name>.debug_info</name>
         <load_address>0xc898</load_address>
         <run_address>0xc898</run_address>
         <size>0x142</size>
         <input_file_ref idref="fl-ca"/>
      </object_component>
      <object_component id="oc-95">
         <name>.debug_info</name>
         <load_address>0xc9da</load_address>
         <run_address>0xc9da</run_address>
         <size>0x2d4</size>
         <input_file_ref idref="fl-cb"/>
      </object_component>
      <object_component id="oc-54">
         <name>.debug_info</name>
         <load_address>0xccae</load_address>
         <run_address>0xccae</run_address>
         <size>0x1b5</size>
         <input_file_ref idref="fl-cb"/>
      </object_component>
      <object_component id="oc-90">
         <name>.debug_info</name>
         <load_address>0xce63</load_address>
         <run_address>0xce63</run_address>
         <size>0x46</size>
         <input_file_ref idref="fl-cb"/>
      </object_component>
      <object_component id="oc-d2">
         <name>.debug_info</name>
         <load_address>0xcea9</load_address>
         <run_address>0xcea9</run_address>
         <size>0x2c</size>
         <input_file_ref idref="fl-cb"/>
      </object_component>
      <object_component id="oc-49">
         <name>.debug_info</name>
         <load_address>0xced5</load_address>
         <run_address>0xced5</run_address>
         <size>0x2a8</size>
         <input_file_ref idref="fl-cc"/>
      </object_component>
      <object_component id="oc-1f">
         <name>.debug_info</name>
         <load_address>0xd17d</load_address>
         <run_address>0xd17d</run_address>
         <size>0x1ea</size>
         <input_file_ref idref="fl-cc"/>
      </object_component>
      <object_component id="oc-44">
         <name>.debug_info</name>
         <load_address>0xd367</load_address>
         <run_address>0xd367</run_address>
         <size>0x46</size>
         <input_file_ref idref="fl-cc"/>
      </object_component>
      <object_component id="oc-88">
         <name>.debug_info</name>
         <load_address>0xd3ad</load_address>
         <run_address>0xd3ad</run_address>
         <size>0x2c</size>
         <input_file_ref idref="fl-cc"/>
      </object_component>
      <object_component id="oc-86">
         <name>.debug_info</name>
         <load_address>0xd3d9</load_address>
         <run_address>0xd3d9</run_address>
         <size>0x29e</size>
         <input_file_ref idref="fl-cd"/>
      </object_component>
      <object_component id="oc-19">
         <name>.debug_info</name>
         <load_address>0xd677</load_address>
         <run_address>0xd677</run_address>
         <size>0x250</size>
         <input_file_ref idref="fl-cd"/>
      </object_component>
      <object_component id="oc-34">
         <name>.debug_info</name>
         <load_address>0xd8c7</load_address>
         <run_address>0xd8c7</run_address>
         <size>0x60</size>
         <input_file_ref idref="fl-cd"/>
      </object_component>
      <object_component id="oc-cb">
         <name>.debug_info</name>
         <load_address>0xd927</load_address>
         <run_address>0xd927</run_address>
         <size>0x46</size>
         <input_file_ref idref="fl-cd"/>
      </object_component>
      <object_component id="oc-81">
         <name>.debug_info</name>
         <load_address>0xd96d</load_address>
         <run_address>0xd96d</run_address>
         <size>0x39</size>
         <input_file_ref idref="fl-cd"/>
      </object_component>
      <object_component id="oc-70">
         <name>.debug_info</name>
         <load_address>0xd9a6</load_address>
         <run_address>0xd9a6</run_address>
         <size>0x3b2</size>
         <input_file_ref idref="fl-ce"/>
      </object_component>
      <object_component id="oc-25">
         <name>.debug_info</name>
         <load_address>0xdd58</load_address>
         <run_address>0xdd58</run_address>
         <size>0x10c</size>
         <input_file_ref idref="fl-ce"/>
      </object_component>
      <object_component id="oc-3b4">
         <name>.debug_info</name>
         <load_address>0xde64</load_address>
         <run_address>0xde64</run_address>
         <size>0x13f</size>
         <input_file_ref idref="fl-ce"/>
      </object_component>
      <object_component id="oc-345">
         <name>.debug_info</name>
         <load_address>0xdfa3</load_address>
         <run_address>0xdfa3</run_address>
         <size>0x168</size>
         <input_file_ref idref="fl-ce"/>
      </object_component>
      <object_component id="oc-34c">
         <name>.debug_info</name>
         <load_address>0xe10b</load_address>
         <run_address>0xe10b</run_address>
         <size>0x18e</size>
         <input_file_ref idref="fl-ce"/>
      </object_component>
      <object_component id="oc-352">
         <name>.debug_info</name>
         <load_address>0xe299</load_address>
         <run_address>0xe299</run_address>
         <size>0x19f</size>
         <input_file_ref idref="fl-ce"/>
      </object_component>
      <object_component id="oc-265">
         <name>.debug_info</name>
         <load_address>0xe438</load_address>
         <run_address>0xe438</run_address>
         <size>0x203</size>
         <input_file_ref idref="fl-ce"/>
      </object_component>
      <object_component id="oc-3d7">
         <name>.debug_info</name>
         <load_address>0xe63b</load_address>
         <run_address>0xe63b</run_address>
         <size>0x1db</size>
         <input_file_ref idref="fl-ce"/>
      </object_component>
      <object_component id="oc-25f">
         <name>.debug_info</name>
         <load_address>0xe816</load_address>
         <run_address>0xe816</run_address>
         <size>0x1a5</size>
         <input_file_ref idref="fl-ce"/>
      </object_component>
      <object_component id="oc-3b0">
         <name>.debug_info</name>
         <load_address>0xe9bb</load_address>
         <run_address>0xe9bb</run_address>
         <size>0x299</size>
         <input_file_ref idref="fl-ce"/>
      </object_component>
      <object_component id="oc-bb">
         <name>.debug_info</name>
         <load_address>0xec54</load_address>
         <run_address>0xec54</run_address>
         <size>0xb2</size>
         <input_file_ref idref="fl-ce"/>
      </object_component>
      <object_component id="oc-b6">
         <name>.debug_info</name>
         <load_address>0xed06</load_address>
         <run_address>0xed06</run_address>
         <size>0x2c</size>
         <input_file_ref idref="fl-ce"/>
      </object_component>
      <object_component id="oc-28">
         <name>.debug_info</name>
         <load_address>0xed32</load_address>
         <run_address>0xed32</run_address>
         <size>0x10b</size>
         <input_file_ref idref="fl-cf"/>
      </object_component>
      <object_component id="oc-5d">
         <name>.debug_info</name>
         <load_address>0xee3d</load_address>
         <run_address>0xee3d</run_address>
         <size>0x1a9</size>
         <input_file_ref idref="fl-cf"/>
      </object_component>
      <object_component id="oc-31e">
         <name>.debug_info</name>
         <load_address>0xefe6</load_address>
         <run_address>0xefe6</run_address>
         <size>0x115</size>
         <input_file_ref idref="fl-d0"/>
      </object_component>
      <object_component id="oc-41">
         <name>.debug_info</name>
         <load_address>0xf0fb</load_address>
         <run_address>0xf0fb</run_address>
         <size>0x119</size>
         <input_file_ref idref="fl-d1"/>
      </object_component>
      <object_component id="oc-282">
         <name>.debug_info</name>
         <load_address>0xf214</load_address>
         <run_address>0xf214</run_address>
         <size>0x4b3</size>
         <input_file_ref idref="fl-d2"/>
      </object_component>
      <object_component id="oc-182">
         <name>.debug_info</name>
         <load_address>0xf6c7</load_address>
         <run_address>0xf6c7</run_address>
         <size>0x1a6</size>
         <input_file_ref idref="fl-d2"/>
      </object_component>
      <object_component id="oc-367">
         <name>.debug_info</name>
         <load_address>0xf86d</load_address>
         <run_address>0xf86d</run_address>
         <size>0x39</size>
         <input_file_ref idref="fl-d2"/>
      </object_component>
      <object_component id="oc-3bb">
         <name>.debug_info</name>
         <load_address>0xf8a6</load_address>
         <run_address>0xf8a6</run_address>
         <size>0x39</size>
         <input_file_ref idref="fl-d2"/>
      </object_component>
      <object_component id="oc-36c">
         <name>.debug_info</name>
         <load_address>0xf8df</load_address>
         <run_address>0xf8df</run_address>
         <size>0x39</size>
         <input_file_ref idref="fl-d2"/>
      </object_component>
      <object_component id="oc-371">
         <name>.debug_info</name>
         <load_address>0xf918</load_address>
         <run_address>0xf918</run_address>
         <size>0xcd</size>
         <input_file_ref idref="fl-d2"/>
      </object_component>
      <object_component id="oc-9f">
         <name>.debug_info</name>
         <load_address>0xf9e5</load_address>
         <run_address>0xf9e5</run_address>
         <size>0x153</size>
         <input_file_ref idref="fl-d3"/>
      </object_component>
      <object_component id="oc-178">
         <name>.debug_info</name>
         <load_address>0xfb38</load_address>
         <run_address>0xfb38</run_address>
         <size>0x122</size>
         <input_file_ref idref="fl-d5"/>
      </object_component>
      <object_component id="oc-361">
         <name>.debug_info</name>
         <load_address>0xfc5a</load_address>
         <run_address>0xfc5a</run_address>
         <size>0x2c9</size>
         <input_file_ref idref="fl-d6"/>
      </object_component>
      <object_component id="oc-27c">
         <name>.debug_info</name>
         <load_address>0xff23</load_address>
         <run_address>0xff23</run_address>
         <size>0x11e</size>
         <input_file_ref idref="fl-d6"/>
      </object_component>
      <object_component id="oc-35d">
         <name>.debug_info</name>
         <load_address>0x10041</load_address>
         <run_address>0x10041</run_address>
         <size>0x12e</size>
         <input_file_ref idref="fl-d6"/>
      </object_component>
      <object_component id="oc-217">
         <name>.debug_info</name>
         <load_address>0x1016f</load_address>
         <run_address>0x1016f</run_address>
         <size>0x3e4</size>
         <input_file_ref idref="fl-d8"/>
      </object_component>
      <object_component id="oc-219">
         <name>.debug_info</name>
         <load_address>0x10553</load_address>
         <run_address>0x10553</run_address>
         <size>0x164</size>
         <input_file_ref idref="fl-d8"/>
      </object_component>
      <object_component id="oc-2f4">
         <name>.debug_info</name>
         <load_address>0x106b7</load_address>
         <run_address>0x106b7</run_address>
         <size>0x2ac</size>
         <input_file_ref idref="fl-d8"/>
      </object_component>
      <object_component id="oc-211">
         <name>.debug_info</name>
         <load_address>0x10963</load_address>
         <run_address>0x10963</run_address>
         <size>0x2bc</size>
         <input_file_ref idref="fl-d8"/>
      </object_component>
      <object_component id="oc-1b6">
         <name>.debug_info</name>
         <load_address>0x10c1f</load_address>
         <run_address>0x10c1f</run_address>
         <size>0x31f</size>
         <input_file_ref idref="fl-d8"/>
      </object_component>
      <object_component id="oc-119">
         <name>.debug_info</name>
         <load_address>0x10f3e</load_address>
         <run_address>0x10f3e</run_address>
         <size>0x29b</size>
         <input_file_ref idref="fl-d8"/>
      </object_component>
      <object_component id="oc-2dc">
         <name>.debug_info</name>
         <load_address>0x111d9</load_address>
         <run_address>0x111d9</run_address>
         <size>0x299</size>
         <input_file_ref idref="fl-d8"/>
      </object_component>
      <object_component id="oc-148">
         <name>.debug_info</name>
         <load_address>0x11472</load_address>
         <run_address>0x11472</run_address>
         <size>0x29f</size>
         <input_file_ref idref="fl-d8"/>
      </object_component>
      <object_component id="oc-142">
         <name>.debug_info</name>
         <load_address>0x11711</load_address>
         <run_address>0x11711</run_address>
         <size>0x299</size>
         <input_file_ref idref="fl-d8"/>
      </object_component>
      <object_component id="oc-2f9">
         <name>.debug_info</name>
         <load_address>0x119aa</load_address>
         <run_address>0x119aa</run_address>
         <size>0x2c0</size>
         <input_file_ref idref="fl-d8"/>
      </object_component>
      <object_component id="oc-154">
         <name>.debug_info</name>
         <load_address>0x11c6a</load_address>
         <run_address>0x11c6a</run_address>
         <size>0x2a5</size>
         <input_file_ref idref="fl-d8"/>
      </object_component>
      <object_component id="oc-1bb">
         <name>.debug_info</name>
         <load_address>0x11f0f</load_address>
         <run_address>0x11f0f</run_address>
         <size>0x284</size>
         <input_file_ref idref="fl-d8"/>
      </object_component>
      <object_component id="oc-11e">
         <name>.debug_info</name>
         <load_address>0x12193</load_address>
         <run_address>0x12193</run_address>
         <size>0x289</size>
         <input_file_ref idref="fl-d8"/>
      </object_component>
      <object_component id="oc-2b1">
         <name>.debug_info</name>
         <load_address>0x1241c</load_address>
         <run_address>0x1241c</run_address>
         <size>0x26b</size>
         <input_file_ref idref="fl-d8"/>
      </object_component>
      <object_component id="oc-2a1">
         <name>.debug_info</name>
         <load_address>0x12687</load_address>
         <run_address>0x12687</run_address>
         <size>0x297</size>
         <input_file_ref idref="fl-d8"/>
      </object_component>
      <object_component id="oc-2ac">
         <name>.debug_info</name>
         <load_address>0x1291e</load_address>
         <run_address>0x1291e</run_address>
         <size>0xef</size>
         <input_file_ref idref="fl-d8"/>
      </object_component>
      <object_component id="oc-1cf">
         <name>.debug_info</name>
         <load_address>0x12a0d</load_address>
         <run_address>0x12a0d</run_address>
         <size>0xbb</size>
         <input_file_ref idref="fl-d8"/>
      </object_component>
      <object_component id="oc-231">
         <name>.debug_info</name>
         <load_address>0x12ac8</load_address>
         <run_address>0x12ac8</run_address>
         <size>0x3d5</size>
         <input_file_ref idref="fl-d9"/>
      </object_component>
      <object_component id="oc-234">
         <name>.debug_info</name>
         <load_address>0x12e9d</load_address>
         <run_address>0x12e9d</run_address>
         <size>0x2d7</size>
         <input_file_ref idref="fl-d9"/>
      </object_component>
      <object_component id="oc-22b">
         <name>.debug_info</name>
         <load_address>0x13174</load_address>
         <run_address>0x13174</run_address>
         <size>0x257</size>
         <input_file_ref idref="fl-d9"/>
      </object_component>
      <object_component id="oc-14e">
         <name>.debug_info</name>
         <load_address>0x133cb</load_address>
         <run_address>0x133cb</run_address>
         <size>0x2f1</size>
         <input_file_ref idref="fl-d9"/>
      </object_component>
      <object_component id="oc-23a">
         <name>.debug_info</name>
         <load_address>0x136bc</load_address>
         <run_address>0x136bc</run_address>
         <size>0x287</size>
         <input_file_ref idref="fl-d9"/>
      </object_component>
      <object_component id="oc-24c">
         <name>.debug_info</name>
         <load_address>0x13943</load_address>
         <run_address>0x13943</run_address>
         <size>0x25d</size>
         <input_file_ref idref="fl-d9"/>
      </object_component>
      <object_component id="oc-240">
         <name>.debug_info</name>
         <load_address>0x13ba0</load_address>
         <run_address>0x13ba0</run_address>
         <size>0x287</size>
         <input_file_ref idref="fl-d9"/>
      </object_component>
      <object_component id="oc-246">
         <name>.debug_info</name>
         <load_address>0x13e27</load_address>
         <run_address>0x13e27</run_address>
         <size>0x257</size>
         <input_file_ref idref="fl-d9"/>
      </object_component>
      <object_component id="oc-252">
         <name>.debug_info</name>
         <load_address>0x1407e</load_address>
         <run_address>0x1407e</run_address>
         <size>0x25d</size>
         <input_file_ref idref="fl-d9"/>
      </object_component>
      <object_component id="oc-2be">
         <name>.debug_info</name>
         <load_address>0x142db</load_address>
         <run_address>0x142db</run_address>
         <size>0x3b7</size>
         <input_file_ref idref="fl-da"/>
      </object_component>
      <object_component id="oc-2bb">
         <name>.debug_info</name>
         <load_address>0x14692</load_address>
         <run_address>0x14692</run_address>
         <size>0x160</size>
         <input_file_ref idref="fl-da"/>
      </object_component>
      <object_component id="oc-1dc">
         <name>.debug_info</name>
         <load_address>0x147f2</load_address>
         <run_address>0x147f2</run_address>
         <size>0x2ca</size>
         <input_file_ref idref="fl-da"/>
      </object_component>
      <object_component id="oc-39d">
         <name>.debug_info</name>
         <load_address>0x14abc</load_address>
         <run_address>0x14abc</run_address>
         <size>0x3c0</size>
         <input_file_ref idref="fl-db"/>
      </object_component>
      <object_component id="oc-2ee">
         <name>.debug_info</name>
         <load_address>0x14e7c</load_address>
         <run_address>0x14e7c</run_address>
         <size>0x24b</size>
         <input_file_ref idref="fl-db"/>
      </object_component>
      <object_component id="oc-305">
         <name>.debug_info</name>
         <load_address>0x150c7</load_address>
         <run_address>0x150c7</run_address>
         <size>0x27f</size>
         <input_file_ref idref="fl-db"/>
      </object_component>
      <object_component id="oc-30b">
         <name>.debug_info</name>
         <load_address>0x15346</load_address>
         <run_address>0x15346</run_address>
         <size>0x283</size>
         <input_file_ref idref="fl-db"/>
      </object_component>
      <object_component id="oc-2e8">
         <name>.debug_info</name>
         <load_address>0x155c9</load_address>
         <run_address>0x155c9</run_address>
         <size>0x3e2</size>
         <input_file_ref idref="fl-db"/>
      </object_component>
      <object_component id="oc-2e1">
         <name>.debug_info</name>
         <load_address>0x159ab</load_address>
         <run_address>0x159ab</run_address>
         <size>0x295</size>
         <input_file_ref idref="fl-db"/>
      </object_component>
      <object_component id="oc-2ff">
         <name>.debug_info</name>
         <load_address>0x15c40</load_address>
         <run_address>0x15c40</run_address>
         <size>0x24b</size>
         <input_file_ref idref="fl-db"/>
      </object_component>
      <object_component id="oc-1d4">
         <name>.debug_info</name>
         <load_address>0x15e8b</load_address>
         <run_address>0x15e8b</run_address>
         <size>0x441</size>
         <input_file_ref idref="fl-dc"/>
      </object_component>
      <object_component id="oc-1d6">
         <name>.debug_info</name>
         <load_address>0x162cc</load_address>
         <run_address>0x162cc</run_address>
         <size>0x156</size>
         <input_file_ref idref="fl-dc"/>
      </object_component>
      <object_component id="oc-13d">
         <name>.debug_info</name>
         <load_address>0x16422</load_address>
         <run_address>0x16422</run_address>
         <size>0x29e</size>
         <input_file_ref idref="fl-dc"/>
      </object_component>
      <object_component id="oc-113">
         <name>.debug_info</name>
         <load_address>0x166c0</load_address>
         <run_address>0x166c0</run_address>
         <size>0x286</size>
         <input_file_ref idref="fl-dc"/>
      </object_component>
      <object_component id="oc-e2">
         <name>.debug_info</name>
         <load_address>0x16946</load_address>
         <run_address>0x16946</run_address>
         <size>0x2e4</size>
         <input_file_ref idref="fl-dc"/>
      </object_component>
      <object_component id="oc-e8">
         <name>.debug_info</name>
         <load_address>0x16c2a</load_address>
         <run_address>0x16c2a</run_address>
         <size>0x2be</size>
         <input_file_ref idref="fl-dc"/>
      </object_component>
      <object_component id="oc-2a8">
         <name>.debug_info</name>
         <load_address>0x16ee8</load_address>
         <run_address>0x16ee8</run_address>
         <size>0x51</size>
         <input_file_ref idref="fl-dc"/>
      </object_component>
      <object_component id="oc-1da">
         <name>.debug_info</name>
         <load_address>0x16f39</load_address>
         <run_address>0x16f39</run_address>
         <size>0x346</size>
         <input_file_ref idref="fl-dd"/>
      </object_component>
      <object_component id="oc-ee">
         <name>.debug_info</name>
         <load_address>0x1727f</load_address>
         <run_address>0x1727f</run_address>
         <size>0x26a</size>
         <input_file_ref idref="fl-dd"/>
      </object_component>
      <object_component id="oc-f4">
         <name>.debug_info</name>
         <load_address>0x174e9</load_address>
         <run_address>0x174e9</run_address>
         <size>0x280</size>
         <input_file_ref idref="fl-dd"/>
      </object_component>
      <object_component id="oc-fa">
         <name>.debug_info</name>
         <load_address>0x17769</load_address>
         <run_address>0x17769</run_address>
         <size>0x230</size>
         <input_file_ref idref="fl-dd"/>
      </object_component>
      <object_component id="oc-100">
         <name>.debug_info</name>
         <load_address>0x17999</load_address>
         <run_address>0x17999</run_address>
         <size>0x22a</size>
         <input_file_ref idref="fl-dd"/>
      </object_component>
      <object_component id="oc-3ca">
         <name>.debug_info</name>
         <load_address>0x17bc3</load_address>
         <run_address>0x17bc3</run_address>
         <size>0x3c7</size>
         <input_file_ref idref="fl-de"/>
      </object_component>
      <object_component id="oc-395">
         <name>.debug_info</name>
         <load_address>0x17f8a</load_address>
         <run_address>0x17f8a</run_address>
         <size>0x293</size>
         <input_file_ref idref="fl-de"/>
      </object_component>
      <object_component id="oc-38f">
         <name>.debug_info</name>
         <load_address>0x1821d</load_address>
         <run_address>0x1821d</run_address>
         <size>0x288</size>
         <input_file_ref idref="fl-de"/>
      </object_component>
      <object_component id="oc-389">
         <name>.debug_info</name>
         <load_address>0x184a5</load_address>
         <run_address>0x184a5</run_address>
         <size>0x295</size>
         <input_file_ref idref="fl-de"/>
      </object_component>
      <object_component id="oc-223">
         <name>.debug_info</name>
         <load_address>0x1873a</load_address>
         <run_address>0x1873a</run_address>
         <size>0x3cb</size>
         <input_file_ref idref="fl-df"/>
      </object_component>
      <object_component id="oc-12b">
         <name>.debug_info</name>
         <load_address>0x18b05</load_address>
         <run_address>0x18b05</run_address>
         <size>0x258</size>
         <input_file_ref idref="fl-df"/>
      </object_component>
      <object_component id="oc-131">
         <name>.debug_info</name>
         <load_address>0x18d5d</load_address>
         <run_address>0x18d5d</run_address>
         <size>0x250</size>
         <input_file_ref idref="fl-df"/>
      </object_component>
      <object_component id="oc-21e">
         <name>.debug_info</name>
         <load_address>0x18fad</load_address>
         <run_address>0x18fad</run_address>
         <size>0x252</size>
         <input_file_ref idref="fl-df"/>
      </object_component>
      <object_component id="oc-125">
         <name>.debug_info</name>
         <load_address>0x191ff</load_address>
         <run_address>0x191ff</run_address>
         <size>0x32f</size>
         <input_file_ref idref="fl-df"/>
      </object_component>
      <object_component id="oc-137">
         <name>.debug_info</name>
         <load_address>0x1952e</load_address>
         <run_address>0x1952e</run_address>
         <size>0x27c</size>
         <input_file_ref idref="fl-df"/>
      </object_component>
      <object_component id="oc-410">
         <name>.debug_info</name>
         <load_address>0x197aa</load_address>
         <run_address>0x197aa</run_address>
         <size>0xbd</size>
      </object_component>
      <object_component id="oc-1b3">
         <name>.debug_line</name>
         <load_address>0x0</load_address>
         <run_address>0x0</run_address>
         <size>0x8e</size>
         <input_file_ref idref="fl-2"/>
      </object_component>
      <object_component id="oc-29c">
         <name>.debug_line</name>
         <load_address>0x8e</load_address>
         <run_address>0x8e</run_address>
         <size>0x31</size>
         <input_file_ref idref="fl-2"/>
      </object_component>
      <object_component id="oc-29e">
         <name>.debug_line</name>
         <load_address>0xbf</load_address>
         <run_address>0xbf</run_address>
         <size>0x31</size>
         <input_file_ref idref="fl-2"/>
      </object_component>
      <object_component id="oc-2a0">
         <name>.debug_line</name>
         <load_address>0xf0</load_address>
         <run_address>0xf0</run_address>
         <size>0x31</size>
         <input_file_ref idref="fl-2"/>
      </object_component>
      <object_component id="oc-29a">
         <name>.debug_line</name>
         <load_address>0x121</load_address>
         <run_address>0x121</run_address>
         <size>0x31</size>
         <input_file_ref idref="fl-2"/>
      </object_component>
      <object_component id="oc-dc">
         <name>.debug_line</name>
         <load_address>0x152</load_address>
         <run_address>0x152</run_address>
         <size>0xd8</size>
         <input_file_ref idref="fl-2"/>
      </object_component>
      <object_component id="oc-7a">
         <name>.debug_line</name>
         <load_address>0x22a</load_address>
         <run_address>0x22a</run_address>
         <size>0x6f</size>
         <input_file_ref idref="fl-2"/>
      </object_component>
      <object_component id="oc-c8">
         <name>.debug_line</name>
         <load_address>0x299</load_address>
         <run_address>0x299</run_address>
         <size>0x20</size>
         <input_file_ref idref="fl-2"/>
      </object_component>
      <object_component id="oc-c3">
         <name>.debug_line</name>
         <load_address>0x2b9</load_address>
         <run_address>0x2b9</run_address>
         <size>0x73</size>
         <input_file_ref idref="fl-2"/>
      </object_component>
      <object_component id="oc-7f">
         <name>.debug_line</name>
         <load_address>0x32c</load_address>
         <run_address>0x32c</run_address>
         <size>0x70</size>
         <input_file_ref idref="fl-2"/>
      </object_component>
      <object_component id="oc-356">
         <name>.debug_line</name>
         <load_address>0x39c</load_address>
         <run_address>0x39c</run_address>
         <size>0x6b</size>
         <input_file_ref idref="fl-3"/>
      </object_component>
      <object_component id="oc-166">
         <name>.debug_line</name>
         <load_address>0x407</load_address>
         <run_address>0x407</run_address>
         <size>0xaa</size>
         <input_file_ref idref="fl-3"/>
      </object_component>
      <object_component id="oc-172">
         <name>.debug_line</name>
         <load_address>0x4b1</load_address>
         <run_address>0x4b1</run_address>
         <size>0x31</size>
         <input_file_ref idref="fl-3"/>
      </object_component>
      <object_component id="oc-275">
         <name>.debug_line</name>
         <load_address>0x4e2</load_address>
         <run_address>0x4e2</run_address>
         <size>0x6b</size>
[...]
         <name>OrbitOledClearBuffer</name>
         <value>0x1f1d</value>
         <object_component_ref idref="oc-1ea"/>
      </symbol>
      <symbol id="sm-2c5">
         <name>OrbitOledHostInit</name>
         <value>0x1d49</value>
         <object_component_ref idref="oc-1ea"/>
      </symbol>
      <symbol id="sm-2c6">
         <name>OrbitOledInit</name>
         <value>0x1d35</value>
         <object_component_ref idref="oc-1ea"/>
      </symbol>
      <symbol id="sm-2c7">
         <name>Ssi3PutByte</name>
         <value>0x200d</value>
         <object_component_ref idref="oc-1ea"/>
      </symbol>
      <symbol id="sm-2fa">
         <name>xchOledCur</name>
         <value>0x200005c8</value>
      </symbol>
      <symbol id="sm-2fb">
         <name>ychOledCur</name>
         <value>0x200005d4</value>
      </symbol>
      <symbol id="sm-2fc">
         <name>xchOledMax</name>
         <value>0x200005cc</value>
      </symbol>
      <symbol id="sm-2fd">
         <name>ychOledMax</name>
         <value>0x200005d8</value>
      </symbol>
      <symbol id="sm-2fe">
         <name>rgbOledFontUser</name>
         <value>0x2000046c</value>
      </symbol>
      <symbol id="sm-2ff">
         <name>OrbitOledPutString</name>
         <value>0x23c5</value>
         <object_component_ref idref="oc-1e4"/>
      </symbol>
      <symbol id="sm-300">
         <name>OrbitOledGetCharUpdate</name>
         <value>0x23a1</value>
         <object_component_ref idref="oc-1e4"/>
      </symbol>
      <symbol id="sm-301">
         <name>OrbitOledSetCharUpdate</name>
         <value>0x2389</value>
         <object_component_ref idref="oc-1e4"/>
      </symbol>
      <symbol id="sm-302">
         <name>OrbitOledDrawGlyph</name>
         <value>0x23f1</value>
         <object_component_ref idref="oc-1e4"/>
      </symbol>
      <symbol id="sm-303">
         <name>OrbitOledDefUserChar</name>
         <value>0x2339</value>
         <object_component_ref idref="oc-1e4"/>
      </symbol>
      <symbol id="sm-304">
         <name>OrbitOledGetCursor</name>
         <value>0x231d</value>
         <object_component_ref idref="oc-1e4"/>
      </symbol>
      <symbol id="sm-305">
         <name>OrbitOledSetCursor</name>
         <value>0x22d1</value>
         <object_component_ref idref="oc-1e4"/>
      </symbol>
      <symbol id="sm-306">
         <name>OrbitOledPutChar</name>
         <value>0x23a7</value>
         <object_component_ref idref="oc-1e4"/>
      </symbol>
      <symbol id="sm-307">
         <name>OrbitOledAdvanceCursor</name>
         <value>0x2469</value>
         <object_component_ref idref="oc-1e4"/>
      </symbol>
      <symbol id="sm-3a4">
         <name>pfnDoRop</name>
         <value>0x200005c4</value>
      </symbol>
      <symbol id="sm-3a5">
         <name>modOledCur</name>
         <value>0x200005b0</value>
      </symbol>
      <symbol id="sm-3a6">
         <name>OrbitOledGetPixel</name>
         <value>0x1013</value>
         <object_component_ref idref="oc-2bf"/>
      </symbol>
      <symbol id="sm-3a7">
         <name>OrbitOledMoveUp</name>
         <value>0x1741</value>
         <object_component_ref idref="oc-2bf"/>
      </symbol>
      <symbol id="sm-3a8">
         <name>OrbitOledMoveTo</name>
         <value>0xef1</value>
         <object_component_ref idref="oc-2bf"/>
      </symbol>
      <symbol id="sm-3a9">
         <name>OrbitOledGetDrawMode</name>
         <value>0xfe1</value>
         <object_component_ref idref="oc-2bf"/>
      </symbol>
      <symbol id="sm-3aa">
         <name>OrbitOledDrawPixel</name>
         <value>0xfe7</value>
         <object_component_ref idref="oc-2bf"/>
      </symbol>
      <symbol id="sm-3ab">
         <name>OrbitOledDrawString</name>
         <value>0x1683</value>
         <object_component_ref idref="oc-2bf"/>
      </symbol>
      <symbol id="sm-3ac">
         <name>OrbitOledDrawChar</name>
         <value>0x1623</value>
         <object_component_ref idref="oc-2bf"/>
      </symbol>
      <symbol id="sm-3ad">
         <name>OrbitOledMoveDown</name>
         <value>0x1779</value>
         <object_component_ref idref="oc-2bf"/>
      </symbol>
      <symbol id="sm-3ae">
         <name>OrbitOledMoveRight</name>
         <value>0x17c7</value>
         <object_component_ref idref="oc-2bf"/>
      </symbol>
      <symbol id="sm-3af">
         <name>OrbitOledFillRect</name>
         <value>0x11b1</value>
         <object_component_ref idref="oc-2bf"/>
      </symbol>
      <symbol id="sm-3b0">
         <name>OrbitOledLineTo</name>
         <value>0x102d</value>
         <object_component_ref idref="oc-2bf"/>
      </symbol>
      <symbol id="sm-3b1">
         <name>OrbitOledGetStdPattern</name>
         <value>0xf6b</value>
         <object_component_ref idref="oc-2bf"/>
      </symbol>
      <symbol id="sm-3b2">
         <name>OrbitOledSetDrawColor</name>
         <value>0xf53</value>
         <object_component_ref idref="oc-2bf"/>
      </symbol>
      <symbol id="sm-3b3">
         <name>OrbitOledDrawRect</name>
         <value>0x112d</value>
         <object_component_ref idref="oc-2bf"/>
      </symbol>
      <symbol id="sm-3b4">
         <name>OrbitOledClampYco</name>
         <value>0x1801</value>
         <object_component_ref idref="oc-2bf"/>
      </symbol>
      <symbol id="sm-3b5">
         <name>OrbitOledGetPos</name>
         <value>0xf37</value>
         <object_component_ref idref="oc-2bf"/>
      </symbol>
      <symbol id="sm-3b6">
         <name>OrbitOledRopSet</name>
         <value>0x16a1</value>
         <object_component_ref idref="oc-2bf"/>
      </symbol>
      <symbol id="sm-3b7">
         <name>OrbitOledRopXor</name>
         <value>0x1713</value>
         <object_component_ref idref="oc-2bf"/>
      </symbol>
      <symbol id="sm-3b8">
         <name>OrbitOledGetBmp</name>
         <value>0x12f5</value>
         <object_component_ref idref="oc-2bf"/>
      </symbol>
      <symbol id="sm-3b9">
         <name>OrbitOledMoveLeft</name>
         <value>0x17af</value>
         <object_component_ref idref="oc-2bf"/>
      </symbol>
      <symbol id="sm-3ba">
         <name>OrbitOledRopAnd</name>
         <value>0x16ef</value>
         <object_component_ref idref="oc-2bf"/>
      </symbol>
      <symbol id="sm-3bb">
         <name>OrbitOledPutBmp</name>
         <value>0x1455</value>
         <object_component_ref idref="oc-2bf"/>
      </symbol>
      <symbol id="sm-3bc">
         <name>OrbitOledSetDrawMode</name>
         <value>0xf8d</value>
         <object_component_ref idref="oc-2bf"/>
      </symbol>
      <symbol id="sm-3bd">
         <name>OrbitOledClampXco</name>
         <value>0x17e1</value>
         <object_component_ref idref="oc-2bf"/>
      </symbol>
      <symbol id="sm-3be">
         <name>OrbitOledSetFillPattern</name>
         <value>0xf7d</value>
         <object_component_ref idref="oc-2bf"/>
      </symbol>
      <symbol id="sm-3bf">
         <name>OrbitOledRopOr</name>
         <value>0x16cb</value>
         <object_component_ref idref="oc-2bf"/>
      </symbol>
      <symbol id="sm-3d1">
         <name>DelayMs</name>
         <value>0x2f7f</value>
         <object_component_ref idref="oc-2d4"/>
      </symbol>
      <symbol id="sm-3d2">
         <name>DelayInit</name>
         <value>0x2f65</value>
         <object_component_ref idref="oc-2d4"/>
      </symbol>
      <symbol id="sm-3e1">
         <name>__aeabi_memset</name>
         <value>0x2db3</value>
         <object_component_ref idref="oc-96"/>
      </symbol>
      <symbol id="sm-3e2">
         <name>memset</name>
         <value>0x2db9</value>
         <object_component_ref idref="oc-96"/>
      </symbol>
      <symbol id="sm-3e3">
         <name>__aeabi_memset8</name>
         <value>0x2db3</value>
         <object_component_ref idref="oc-96"/>
      </symbol>
      <symbol id="sm-3e4">
         <name>__aeabi_memset4</name>
         <value>0x2db3</value>
         <object_component_ref idref="oc-96"/>
      </symbol>
      <symbol id="sm-3e5">
         <name>__aeabi_memclr8</name>
         <value>0x2db1</value>
         <object_component_ref idref="oc-96"/>
      </symbol>
      <symbol id="sm-3e6">
         <name>__aeabi_memclr4</name>
         <value>0x2db1</value>
         <object_component_ref idref="oc-96"/>
      </symbol>
      <symbol id="sm-3e7">
         <name>__aeabi_memclr</name>
         <value>0x2db1</value>
         <object_component_ref idref="oc-96"/>
      </symbol>
      <symbol id="sm-3f6">
         <name>__aeabi_uidivmod</name>
         <value>0x3179</value>
         <object_component_ref idref="oc-1f2"/>
      </symbol>
      <symbol id="sm-3f7">
         <name>__aeabi_uidiv</name>
         <value>0x3179</value>
         <object_component_ref idref="oc-1f2"/>
      </symbol>
      <symbol id="sm-40e">
         <name>__TI_zero_init</name>
         <value>0x3471</value>
         <object_component_ref idref="oc-50"/>
      </symbol>
      <symbol id="sm-425">
         <name>__TI_decompress_none</name>
         <value>0x3457</value>
         <object_component_ref idref="oc-1b"/>
      </symbol>
      <symbol id="sm-448">
         <name>__TI_decompress_lzss</name>
         <value>0x2e9d</value>
         <object_component_ref idref="oc-15"/>
      </symbol>
      <symbol id="sm-4dd">
         <name>_sys_memory</name>
         <value>0x200007e8</value>
         <object_component_ref idref="oc-24"/>
      </symbol>
      <symbol id="sm-4de">
         <name>free</name>
         <value>0x2b51</value>
         <object_component_ref idref="oc-261"/>
      </symbol>
      <symbol id="sm-4df">
         <name>memalign</name>
         <value>0x295d</value>
         <object_component_ref idref="oc-3ac"/>
      </symbol>
      <symbol id="sm-4e0">
         <name>calloc</name>
         <value>0x31f5</value>
         <object_component_ref idref="oc-25b"/>
      </symbol>
      <symbol id="sm-4e1">
         <name>malloc</name>
         <value>0x34e5</value>
         <object_component_ref idref="oc-341"/>
      </symbol>
      <symbol id="sm-4e2">
         <name>aligned_alloc</name>
         <value>0x295d</value>
         <object_component_ref idref="oc-3ac"/>
      </symbol>
      <symbol id="sm-4f5">
         <name>__stack</name>
         <value>0x200005e8</value>
         <object_component_ref idref="oc-27"/>
      </symbol>
      <symbol id="sm-4f6">
         <name>_c_int00_noargs</name>
         <value>0x3295</value>
         <object_component_ref idref="oc-5c"/>
      </symbol>
      <symbol id="sm-500">
         <name>__aeabi_idiv0</name>
         <value>0x30ef</value>
         <object_component_ref idref="oc-31d"/>
      </symbol>
      <symbol id="sm-501">
         <name>__aeabi_ldiv0</name>
         <value>0x30ef</value>
         <object_component_ref idref="oc-31d"/>
      </symbol>
      <symbol id="sm-51c">
         <name>memcpy</name>
         <value>0x2d15</value>
         <object_component_ref idref="oc-3e"/>
      </symbol>
      <symbol id="sm-51d">
         <name>__aeabi_memcpy</name>
         <value>0x2d15</value>
         <object_component_ref idref="oc-3e"/>
      </symbol>
      <symbol id="sm-51e">
         <name>__aeabi_memcpy8</name>
         <value>0x2d15</value>
         <object_component_ref idref="oc-3e"/>
      </symbol>
      <symbol id="sm-51f">
         <name>__aeabi_memcpy4</name>
         <value>0x2d15</value>
         <object_component_ref idref="oc-3e"/>
      </symbol>
      <symbol id="sm-547">
         <name>__TI_auto_init_nobinit_nopinit</name>
         <value>0x3135</value>
         <object_component_ref idref="oc-180"/>
      </symbol>
      <symbol id="sm-551">
         <name>_system_pre_init</name>
         <value>0x3511</value>
         <object_component_ref idref="oc-9c"/>
      </symbol>
      <symbol id="sm-55d">
         <name>C$$EXIT</name>
         <value>0x3515</value>
         <object_component_ref idref="oc-174"/>
      </symbol>
      <symbol id="sm-55e">
         <name>abort</name>
         <value>0x3515</value>
         <object_component_ref idref="oc-174"/>
      </symbol>
      <symbol id="sm-573">
         <name>_nop</name>
         <value>0x2e2b</value>
         <object_component_ref idref="oc-359"/>
      </symbol>
      <symbol id="sm-574">
         <name>_lock</name>
         <value>0x200009e8</value>
         <object_component_ref idref="oc-27b"/>
      </symbol>
      <symbol id="sm-575">
         <name>_unlock</name>
         <value>0x200009ec</value>
         <object_component_ref idref="oc-27b"/>
      </symbol>
      <symbol id="sm-5fc">
         <name>GPIOPinConfigure</name>
         <value>0x3011</value>
         <object_component_ref idref="oc-11d"/>
      </symbol>
      <symbol id="sm-5fd">
         <name>GPIOPinTypeI2CSCL</name>
         <value>0x33bb</value>
         <object_component_ref idref="oc-147"/>
      </symbol>
      <symbol id="sm-5fe">
         <name>GPIOPinTypeI2C</name>
         <value>0x33a5</value>
         <object_component_ref idref="oc-141"/>
      </symbol>
      <symbol id="sm-5ff">
         <name>GPIOPinTypeGPIOInput</name>
         <value>0x338f</value>
         <object_component_ref idref="oc-153"/>
      </symbol>
      <symbol id="sm-600">
         <name>GPIOPinTypeUART</name>
         <value>0x33e7</value>
         <object_component_ref idref="oc-117"/>
      </symbol>
      <symbol id="sm-601">
         <name>GPIOPinTypeGPIOOutput</name>
         <value>0x3375</value>
         <object_component_ref idref="oc-2f8"/>
      </symbol>
      <symbol id="sm-602">
         <name>GPIOPinRead</name>
         <value>0x34ed</value>
         <object_component_ref idref="oc-1ba"/>
      </symbol>
      <symbol id="sm-603">
         <name>GPIODirModeSet</name>
         <value>0x32c9</value>
         <object_component_ref idref="oc-210"/>
      </symbol>
      <symbol id="sm-604">
         <name>GPIOPinWrite</name>
         <value>0x34f3</value>
         <object_component_ref idref="oc-2f2"/>
      </symbol>
      <symbol id="sm-605">
         <name>GPIOPadConfigSet</name>
         <value>0x26d9</value>
         <object_component_ref idref="oc-1b4"/>
      </symbol>
      <symbol id="sm-606">
         <name>GPIOPinTypeSSI</name>
         <value>0x33d1</value>
         <object_component_ref idref="oc-2da"/>
      </symbol>
      <symbol id="sm-650">
         <name>I2CMasterBusBusy</name>
         <value>0x34c5</value>
         <object_component_ref idref="oc-251"/>
      </symbol>
      <symbol id="sm-651">
         <name>I2CMasterDataPut</name>
         <value>0x350d</value>
         <object_component_ref idref="oc-239"/>
      </symbol>
      <symbol id="sm-652">
         <name>I2CMasterInitExpClk</name>
         <value>0x305d</value>
         <object_component_ref idref="oc-14d"/>
      </symbol>
      <symbol id="sm-653">
         <name>I2CMasterSlaveAddrSet</name>
         <value>0x34d5</value>
         <object_component_ref idref="oc-233"/>
      </symbol>
      <symbol id="sm-654">
         <name>I2CMasterDataGet</name>
         <value>0x3509</value>
         <object_component_ref idref="oc-24b"/>
      </symbol>
      <symbol id="sm-655">
         <name>I2CMasterControl</name>
         <value>0x3505</value>
         <object_component_ref idref="oc-23f"/>
      </symbol>
      <symbol id="sm-656">
         <name>I2CMasterBusy</name>
         <value>0x34cd</value>
         <object_component_ref idref="oc-245"/>
      </symbol>
      <symbol id="sm-657">
         <name>I2CMasterEnable</name>
         <value>0x3489</value>
         <object_component_ref idref="oc-22a"/>
      </symbol>
      <symbol id="sm-66e">
         <name>IntRegister</name>
         <value>0x322d</value>
         <object_component_ref idref="oc-1db"/>
      </symbol>
      <symbol id="sm-66f">
         <name>g_pfnRAMVectors</name>
         <value>0x20000000</value>
         <object_component_ref idref="oc-2ba"/>
      </symbol>
      <symbol id="sm-6a7">
         <name>SSIDataPut</name>
         <value>0x3493</value>
         <object_component_ref idref="oc-304"/>
      </symbol>
      <symbol id="sm-6a8">
         <name>SSIDataGet</name>
         <value>0x3465</value>
         <object_component_ref idref="oc-30a"/>
      </symbol>
      <symbol id="sm-6a9">
         <name>SSIConfigSetExpClk</name>
         <value>0x31b9</value>
         <object_component_ref idref="oc-2e6"/>
      </symbol>
      <symbol id="sm-6aa">
         <name>SSIEnable</name>
         <value>0x349d</value>
         <object_component_ref idref="oc-2ec"/>
      </symbol>
      <symbol id="sm-6ab">
         <name>SSIClockSourceSet</name>
         <value>0x34f9</value>
         <object_component_ref idref="oc-2e0"/>
      </symbol>
      <symbol id="sm-6ac">
         <name>SSIBusy</name>
         <value>0x34dd</value>
         <object_component_ref idref="oc-2fe"/>
      </symbol>
      <symbol id="sm-70b">
         <name>SysCtlClockSet</name>
         <value>0x2a5d</value>
         <object_component_ref idref="oc-e1"/>
      </symbol>
      <symbol id="sm-70c">
         <name>SysCtlDelay</name>
         <value>0x34ff</value>
         <object_component_ref idref="oc-1cd"/>
      </symbol>
      <symbol id="sm-70d">
         <name>SysCtlPeripheralEnable</name>
         <value>0x3261</value>
         <object_component_ref idref="oc-111"/>
      </symbol>
      <symbol id="sm-70e">
         <name>SysCtlClockGet</name>
         <value>0x2845</value>
         <object_component_ref idref="oc-e7"/>
      </symbol>
      <symbol id="sm-70f">
         <name>SysCtlPeripheralReset</name>
         <value>0x2fc1</value>
         <object_component_ref idref="oc-13b"/>
      </symbol>
      <symbol id="sm-73c">
         <name>SysTickEnable</name>
         <value>0x33fd</value>
         <object_component_ref idref="oc-ff"/>
      </symbol>
      <symbol id="sm-73d">
         <name>SysTickIntRegister</name>
         <value>0x333d</value>
         <object_component_ref idref="oc-f3"/>
      </symbol>
      <symbol id="sm-73e">
         <name>SysTickIntEnable</name>
         <value>0x3411</value>
         <object_component_ref idref="oc-f9"/>
      </symbol>
      <symbol id="sm-73f">
         <name>SysTickPeriodSet</name>
         <value>0x3439</value>
         <object_component_ref idref="oc-ed"/>
      </symbol>
      <symbol id="sm-763">
         <name>TimerEnable</name>
         <value>0x3449</value>
         <object_component_ref idref="oc-38e"/>
      </symbol>
      <symbol id="sm-764">
         <name>TimerValueGet</name>
         <value>0x34a7</value>
         <object_component_ref idref="oc-394"/>
      </symbol>
      <symbol id="sm-765">
         <name>TimerConfigure</name>
         <value>0x2f05</value>
         <object_component_ref idref="oc-388"/>
      </symbol>
      <symbol id="sm-797">
         <name>UARTConfigSetExpClk</name>
         <value>0x30a9</value>
         <object_component_ref idref="oc-123"/>
      </symbol>
      <symbol id="sm-798">
         <name>UARTDisable</name>
         <value>0x331d</value>
         <object_component_ref idref="oc-21c"/>
      </symbol>
      <symbol id="sm-799">
         <name>UARTCharPut</name>
         <value>0x34b1</value>
         <object_component_ref idref="oc-135"/>
      </symbol>
      <symbol id="sm-79a">
         <name>UARTEnable</name>
         <value>0x3425</value>
         <object_component_ref idref="oc-12f"/>
      </symbol>
      <symbol id="sm-79b">
         <name>UARTFIFOEnable</name>
         <value>0x34bb</value>
         <object_component_ref idref="oc-129"/>
      </symbol>
      <symbol id="sm-79d">
         <name>__TI_static_base__</name>
         <value>0x0</value>
      </symbol>
      <symbol id="sm-7a0">
         <name>__mpu_init</name>
         <value>0x0</value>
      </symbol>
      <symbol id="sm-7a1">
         <name>_system_post_cinit</name>
         <value>0x0</value>
      </symbol>
   </symbol_table>
   <title>Link successful</title>
</link_info>
